Microsoft (R) Macro Assembler Version 14.44.35225.0	    06/06/26 11:56:15
5Thermometer Readings Program     (Proj6_guardadd.asm	     Page 1 - 1


				TITLE Thermometer Readings Program     (Proj6_guardadd.asm)

				; Author: Daniel Guardado
				; Last Modified: 6/7/2026
				; OSU email address: guardadd@oregonstate.edu
				; Course number/section:   CS271 Section 400
				; Project Number: 6               Due Date: 6/7/2026
				; Description: ***This file is provided as a template from which you may work
				;              when developing assembly projects in CS271.***

				INCLUDE Irvine32.inc
			      C ; Include file for Irvine32.lib             (Irvine32.inc)
			      C 
			      C ;OPTION CASEMAP:NONE		; optional: make identifiers case-sensitive
			      C 
			      C INCLUDE SmallWin.inc		; MS-Windows prototypes, structures, and constants
			      C .NOLIST
			      C .LIST
			      C 
			      C INCLUDE VirtualKeys.inc
			      C ; VirtualKeys.inc
			      C .NOLIST
			      C .LIST
			      C 
			      C 
			      C .NOLIST
			      C .LIST
			      C 

				mGetString MACRO introPromptRef:req, userInputRef:req, maxChars:req, bytesReadRef:req
					pushad
					
					mov		edx, introPromptRef
					call	WriteString
					mov		edx, userInputRef
					mov		ecx, maxChars
					call	ReadString
					mov		edx, bytesReadRef
					mov		[edx], eax

					popad
				ENDM

				mDisplayString MACRO stringRef:req
					push	edx

					mov		edx, stringRef
					call	WriteString

					pop		edx
				ENDM

				mDisplayChar MACRO charVal:req
				    push	eax

				    mov		al, charVal
				    call	WriteChar

				    pop		eax
				ENDM

 = 00001000			BUFFER_SIZE		= 4096
 = 00000020			MAX_CHARS		= 32
 = 00000018			TEMPS_PER_DAY	= 24
 = 0000002C			DELIMITER		= ','

 00000000			.data

 00000000 57 65 6C 63 6F		introPrompt		BYTE	"Welcome to the Temperature Value Program. This program will read a comma-delimited file",13,10
	   6D 65 20 74 6F
	   20 74 68 65 20
	   54 65 6D 70 65
	   72 61 74 75 72
	   65 20 56 61 6C
	   75 65 20 50 72
	   6F 67 72 61 6D
	   2E 20 54 68 69
	   73 20 70 72 6F
	   67 72 61 6D 20
	   77 69 6C 6C 20
	   72 65 61 64 20
	   61 20 63 6F 6D
	   6D 61 2D 64 65
	   6C 69 6D 69 74
	   65 64 20 66 69
	   6C 65 0D 0A
 00000059  74 68 61 74 20						BYTE	"that must be ASCII-formatted. It will retrieve the stored temperature values and reverse",13,10
	   6D 75 73 74 20
	   62 65 20 41 53
	   43 49 49 2D 66
	   6F 72 6D 61 74
	   74 65 64 2E 20
	   49 74 20 77 69
	   6C 6C 20 72 65
	   74 72 69 65 76
	   65 20 74 68 65
	   20 73 74 6F 72
	   65 64 20 74 65
	   6D 70 65 72 61
	   74 75 72 65 20
	   76 61 6C 75 65
	   73 20 61 6E 64
	   20 72 65 76 65
	   72 73 65 0D 0A
 000000B3  74 68 65 20 6F						BYTE	"the ordering in order to print them.",13,10,0
	   72 64 65 72 69
	   6E 67 20 69 6E
	   20 6F 72 64 65
	   72 20 74 6F 20
	   70 72 69 6E 74
	   20 74 68 65 6D
	   2E 0D 0A 00
 000000DA 45 6E 74 65 72		fileNamePrompt	BYTE	"Enter the name of the file to be read: ",0
	   20 74 68 65 20
	   6E 61 6D 65 20
	   6F 66 20 74 68
	   65 20 66 69 6C
	   65 20 74 6F 20
	   62 65 20 72 65
	   61 64 3A 20 00
 00000102 49 6E 63 6F 72		fileErrorMsg	BYTE	"Incorrect file name.",13,10,0
	   72 65 63 74 20
	   66 69 6C 65 20
	   6E 61 6D 65 2E
	   0D 0A 00

 00000119  00000020 [			fileName		BYTE	MAX_CHARS		DUP(?)
	    00
	   ]
 00000139 00000000			bytesRead		DWORD	?
 0000013D  00001000 [			fileBuffer		BYTE	BUFFER_SIZE		DUP(?)
	    00
	   ]
 0000113D  00000018 [			tempArray       SDWORD  TEMPS_PER_DAY   DUP(?)
	    00000000
	   ]
 0000119D 00000000			fileHandle		DWORD	?

 00000000			.code
 00000000			main PROC
					mDisplayString	OFFSET introPrompt
 00000000  52		     1		push	edx
 00000001  BA 00000000 R     1		mov		edx, OFFSET introPrompt
 00000006  E8 00000000 E     1		call	WriteString
 0000000B  5A		     1		pop		edx
					mGetString		OFFSET fileNamePrompt, OFFSET fileName, MAX_CHARS, OFFSET bytesRead
 0000000C  60		     1		pushad
 0000000D  BA 000000DA R     1		mov		edx, OFFSET fileNamePrompt
 00000012  E8 00000000 E     1		call	WriteString
 00000017  BA 00000119 R     1		mov		edx, OFFSET fileName
 0000001C  B9 00000020	     1		mov		ecx, MAX_CHARS
 00000021  E8 00000000 E     1		call	ReadString
 00000026  BA 00000139 R     1		mov		edx, OFFSET bytesRead
 0000002B  89 02	     1		mov		[edx], eax
 0000002D  61		     1		popad

 0000002E  BA 00000119 R		mov		edx, OFFSET fileName
 00000033  E8 00000000 E		call	OpenInputFile
 00000038  A3 0000119D R		mov		fileHandle, eax

 0000003D  83 F8 FF			cmp		eax, INVALID_HANDLE_VALUE
 00000040  74 39			je		_invalidFile
					
 00000042  A1 0000119D R		mov		eax, fileHandle
 00000047  BA 0000013D R	    mov		edx, OFFSET fileBuffer
 0000004C  B9 00001000		    mov		ecx, BUFFER_SIZE
 00000051  E8 00000000 E	    call	ReadFromFile
 00000056  A1 0000119D R		mov		eax, fileHandle
 0000005B  E8 00000000 E	    call	CloseFile

 00000060  68 0000013D R	    push    OFFSET fileBuffer
 00000065  68 0000113D R	    push    OFFSET tempArray
 0000006A  E8 0000001F		    call    ParseTempsFromString

 0000006F  68 0000113D R	    push	OFFSET tempArray
 00000074  E8 00000096			call	WriteTempsReverse
					
 00000079  EB 0C		    jmp		_exit

 0000007B			_invalidFile:
					mDisplayString		OFFSET fileErrorMsg
 0000007B  52		     1		push	edx
 0000007C  BA 00000102 R     1		mov		edx, OFFSET fileErrorMsg
 00000081  E8 00000000 E     1		call	WriteString
 00000086  5A		     1		pop		edx

 00000087			_exit:
					Invoke ExitProcess,0
 00000087  6A 00	   *	    push   +000000000h
 00000089  E8 00000000 E   *	    call   ExitProcess
 0000008E			main ENDP

 0000008E			ParseTempsFromString PROC
				    LOCAL   charBuffer[8]:BYTE, negativeFlag:DWORD
 0000008E  55		   *	    push   ebp
 0000008F  8B EC	   *	    mov    ebp, esp
 00000091  83 C4 F4	   *	    add    esp, 0FFFFFFF4h
 00000094  60			    pushad

 00000095  8B 75 0C		    mov     esi, [ebp + 12]     ; ESI = pointer to fileBuffer string
 00000098  8B 7D 08		    mov     edi, [ebp + 8]      ; EDI = pointer to tempArray destination
				    
 0000009B  B9 00000018		    mov     ecx, TEMPS_PER_DAY  ; Counter loop for exactly 24 elements

 000000A0			_collectLoop:
				    ; Set up destination pointer to our local temporary buffer manually without LEA
 000000A0  8B D5		    mov     edx, ebp
 000000A2  83 EA 08		    sub     edx, 8              ; EDX = pointer to start of charBuffer local variable
				    
 000000A5  57			    push    edi                 ; Save tempArray pointer while we use EDI
 000000A6  8B FA		    mov     edi, edx            ; EDI now points to our local charBuffer
 000000A8  FC			    cld                         ; Clear direction flag for string operations

 000000A9			_readChar:
 000000A9  AC			    lodsb                       ; Load byte from [ESI] into AL, advances ESI
 000000AA  3C 2C		    cmp     al, DELIMITER       ; Comma reached?
 000000AC  74 0F		    je      _endOfToken
 000000AE  3C 0D		    cmp     al, 13              ; Carriage Return reached?
 000000B0  74 0B		    je      _endOfToken
 000000B2  3C 0A		    cmp     al, 10              ; Skip line-feeds
 000000B4  74 F3		    je      _readChar
 000000B6  3C 00		    cmp     al, 0               ; End of file string?
 000000B8  74 03		    je      _endOfToken

 000000BA  AA			    stosb                       ; Store character from AL into local charBuffer
 000000BB  EB EC		    jmp     _readChar

 000000BD			_endOfToken:
 000000BD  B0 00		    mov     al, 0
 000000BF  AA			    stosb                       ; Null-terminate our local substring

				    ; --- Convert the string chunk inside charBuffer to an Integer ---
 000000C0  56			    push    esi                 ; Preserve main file string pointer
 000000C1  8B F2		    mov     esi, edx            ; ESI points to the start of charBuffer
				    
 000000C3  C7 45 F4		    mov     negativeFlag, 0     ; Reset our local sign tracker
	   00000000
 000000CA  BB 00000000		    mov     ebx, 0              ; EBX will act as our accumulating total

 000000CF  AC			    lodsb                       ; Load first character of the number
 000000D0  3C 2D		    cmp     al, '-'
 000000D2  75 08		    jne     _calculateDigit
 000000D4  C7 45 F4		    mov     negativeFlag, 1     ; Number is negative, toggle flag
	   00000001
 000000DB  AC			    lodsb                       ; Fetch the next byte (the actual first digit)

 000000DC			_calculateDigit:
 000000DC  2C 30		    sub     al, '0'             ; Convert ASCII character to literal value
				    
				    ; Simple multi-digit accumulation without 3-operand instructions
				    ; total = total * 10
 000000DE  50			    push    eax                 ; Save our current digit
 000000DF  8B C3		    mov     eax, ebx
 000000E1  BA 0000000A		    mov     edx, 10
 000000E6  F7 EA		    imul    edx                 ; EAX = EAX * 10
 000000E8  8B D8		    mov     ebx, eax            ; Put total back into EBX
 000000EA  58			    pop     eax                 ; Restore our digit

				    ; total = total + current_digit
 000000EB  BA 00000000		    mov     edx, 0              ; Clear EDX manually
 000000F0  8A D0		    mov     dl, al              ; Safely move byte to register without movzx
 000000F2  03 DA		    add     ebx, edx            ; Add digit to running total

 000000F4  AC			    lodsb                       ; Fetch next character
 000000F5  3C 00		    cmp     al, 0               ; Process until our null terminator
 000000F7  75 E3		    jne     _calculateDigit

				    ; Apply negative sign if flag was set
 000000F9  83 7D F4 01		    cmp     negativeFlag, 1
 000000FD  75 02		    jne     _finishStorage
 000000FF  F7 DB		    neg     ebx

 00000101			_finishStorage:
 00000101  5E			    pop     esi                 ; Restore fileBuffer source pointer
 00000102  5F			    pop     edi                 ; Restore tempArray destination pointer
				    
 00000103  89 1F		    mov     [edi], ebx          ; Store 32-bit SDWORD into array
 00000105  83 C7 04		    add     edi, TYPE tempArray ; Move to next SDWORD position (adds 4)
				    
 00000108  E2 96		    loop    _collectLoop        ; Loop until all 24 integers are populated

 0000010A  61			    popad
 0000010B  C9		   *	    leave  
 0000010C  C2 0008		    ret     8
 0000010F			ParseTempsFromString ENDP
Proj6_guardadd.asm(185) : warning A6004:procedure argument or local not referenced : charBuffer

 0000010F			WriteTempsReverse PROC
 0000010F  55			    push    ebp
 00000110  8B EC		    mov     ebp, esp
 00000112  60			    pushad

 00000113  8B 75 08		    mov     esi, [ebp + 8]      ; ESI = pointer to start of tempArray
				    
				    ; Calculate the memory offset for the last element (index 23):
				    ; Offset = (TEMPS_PER_DAY - 1) * TYPE tempArray = 23 * 4 = 92 bytes
 00000116  B8 00000018		    mov     eax, TEMPS_PER_DAY
 0000011B  48			    dec     eax                 ; EAX = 23
 0000011C  BB 00000004		    mov     ebx, 4              ; Each SDWORD element is 4 bytes
 00000121  F7 E3		    mul     ebx                 ; EAX = 23 * 4 = 92
				    
 00000123  03 F0		    add     esi, eax            ; ESI now points directly to the last element
 00000125  B9 00000018		    mov     ecx, TEMPS_PER_DAY  ; Set loop counter to 24

 0000012A			_reverseLoop:
				    ; Register Indirect addressing to fetch and print the signed integer
 0000012A  8B 06		    mov     eax, [esi]
 0000012C  E8 00000000 E	    call    WriteInt            ; Prints the signed value

				    ; Print the delimiter after the number
				    mDisplayChar DELIMITER      ; Invokes your required I/O macro
 00000131  50		     1	    push	eax
 00000132  B0 2C	     1	    mov		al, DELIMITER
 00000134  E8 00000000 E     1	    call	WriteChar
 00000139  58		     1	    pop		eax

				    ; Move pointer backward by 1 SDWORD element (4 bytes)
 0000013A  83 EE 04		    sub     esi, 4              
 0000013D  E2 EB		    loop    _reverseLoop        ; Decrement ECX and repeat until 24 elements are done

 0000013F  E8 00000000 E	    call    Crlf                ; Drop to a new line at the very end of the line output
				    
 00000144  61			    popad
 00000145  5D			    pop     ebp
 00000146  C2 0004		    ret     4                   ; Clean up the single 4-byte stack parameter
 00000149			WriteTempsReverse ENDP

				END main
Microsoft (R) Macro Assembler Version 14.44.35225.0	    06/06/26 11:56:15
5Thermometer Readings Program     (Proj6_guardadd.asm	     Symbols 2 - 1




Macros:

                N a m e                 Type

mDisplayChar . . . . . . . . . .	Proc
mDisplayString . . . . . . . . .	Proc
mGetString . . . . . . . . . . .	Proc


Structures and Unions:

                N a m e                  Size
                                         Offset      Type

CONSOLE_CURSOR_INFO  . . . . . .	 00000008
  dwSize . . . . . . . . . . . .	 00000000	 DWord
  bVisible . . . . . . . . . . .	 00000004	 DWord
CONSOLE_SCREEN_BUFFER_INFO . . .	 00000016
  dwSize . . . . . . . . . . . .	 00000000	 DWord
  dwCursorPosition . . . . . . .	 00000004	 DWord
  wAttributes  . . . . . . . . .	 00000008	 Word
  srWindow . . . . . . . . . . .	 0000000A	 QWord
  dwMaximumWindowSize  . . . . .	 00000012	 DWord
COORD  . . . . . . . . . . . . .	 00000004
  X  . . . . . . . . . . . . . .	 00000000	 Word
  Y  . . . . . . . . . . . . . .	 00000002	 Word
FILETIME . . . . . . . . . . . .	 00000008
  loDateTime . . . . . . . . . .	 00000000	 DWord
  hiDateTime . . . . . . . . . .	 00000004	 DWord
FOCUS_EVENT_RECORD . . . . . . .	 00000004
  bSetFocus  . . . . . . . . . .	 00000000	 DWord
FPU_ENVIRON  . . . . . . . . . .	 0000001C
  controlWord  . . . . . . . . .	 00000000	 Word
  statusWord . . . . . . . . . .	 00000004	 Word
  tagWord  . . . . . . . . . . .	 00000008	 Word
  instrPointerOffset . . . . . .	 0000000C	 DWord
  instrPointerSelector . . . . .	 00000010	 DWord
  operandPointerOffset . . . . .	 00000014	 DWord
  operandPointerSelector . . . .	 00000018	 Word
INPUT_RECORD . . . . . . . . . .	 00000014
  EventType  . . . . . . . . . .	 00000000	 Word
  Event  . . . . . . . . . . . .	 00000004	 XmmWord
  bKeyDown . . . . . . . . . . .	 00000000	 DWord
  wRepeatCount . . . . . . . . .	 00000004	 Word
  wVirtualKeyCode  . . . . . . .	 00000006	 Word
  wVirtualScanCode . . . . . . .	 00000008	 Word
  uChar  . . . . . . . . . . . .	 0000000A	 Word
  UnicodeChar  . . . . . . . . .	 00000000	 Word
  AsciiChar  . . . . . . . . . .	 00000000	 Byte
  dwControlKeyState  . . . . . .	 0000000C	 DWord
  dwMousePosition  . . . . . . .	 00000000	 DWord
  dwButtonState  . . . . . . . .	 00000004	 DWord
  dwMouseControlKeyState . . . .	 00000008	 DWord
  dwEventFlags . . . . . . . . .	 0000000C	 DWord
  dwSize . . . . . . . . . . . .	 00000000	 DWord
  dwCommandId  . . . . . . . . .	 00000000	 DWord
  bSetFocus  . . . . . . . . . .	 00000000	 DWord
KEY_EVENT_RECORD . . . . . . . .	 00000010
  bKeyDown . . . . . . . . . . .	 00000000	 DWord
  wRepeatCount . . . . . . . . .	 00000004	 Word
  wVirtualKeyCode  . . . . . . .	 00000006	 Word
  wVirtualScanCode . . . . . . .	 00000008	 Word
  uChar  . . . . . . . . . . . .	 0000000A	 Word
  UnicodeChar  . . . . . . . . .	 00000000	 Word
  AsciiChar  . . . . . . . . . .	 00000000	 Byte
  dwControlKeyState  . . . . . .	 0000000C	 DWord
MENU_EVENT_RECORD  . . . . . . .	 00000004
  dwCommandId  . . . . . . . . .	 00000000	 DWord
MOUSE_EVENT_RECORD . . . . . . .	 00000010
  dwMousePosition  . . . . . . .	 00000000	 DWord
  dwButtonState  . . . . . . . .	 00000004	 DWord
  dwMouseControlKeyState . . . .	 00000008	 DWord
  dwEventFlags . . . . . . . . .	 0000000C	 DWord
SMALL_RECT . . . . . . . . . . .	 00000008
  Left . . . . . . . . . . . . .	 00000000	 Word
  Top  . . . . . . . . . . . . .	 00000002	 Word
  Right  . . . . . . . . . . . .	 00000004	 Word
  Bottom . . . . . . . . . . . .	 00000006	 Word
SYSTEMTIME . . . . . . . . . . .	 00000010
  wYear  . . . . . . . . . . . .	 00000000	 Word
  wMonth . . . . . . . . . . . .	 00000002	 Word
  wDayOfWeek . . . . . . . . . .	 00000004	 Word
  wDay . . . . . . . . . . . . .	 00000006	 Word
  wHour  . . . . . . . . . . . .	 00000008	 Word
  wMinute  . . . . . . . . . . .	 0000000A	 Word
  wSecond  . . . . . . . . . . .	 0000000C	 Word
  wMilliseconds  . . . . . . . .	 0000000E	 Word
WINDOW_BUFFER_SIZE_RECORD  . . .	 00000004
  dwSize . . . . . . . . . . . .	 00000000	 DWord


Segments and Groups:

                N a m e                 Size     Length   Align   Combine Class

FLAT . . . . . . . . . . . . . .	GROUP
STACK  . . . . . . . . . . . . .	32 Bit	 00001000 Para	  Stack	  'STACK'	 
_DATA  . . . . . . . . . . . . .	32 Bit	 000011A1 Para	  Public  'DATA'	
_TEXT  . . . . . . . . . . . . .	32 Bit	 00000149 Para	  Public  'CODE'	


Procedures, parameters, and locals:

                N a m e                 Type     Value    Attr

CloseFile  . . . . . . . . . . .	P Near	 00000000 FLAT	Length= 00000000 External STDCALL
CloseHandle  . . . . . . . . . .	P Near	 00000000 FLAT	Length= 00000000 External STDCALL
Clrscr . . . . . . . . . . . . .	P Near	 00000000 FLAT	Length= 00000000 External STDCALL
CreateFileA  . . . . . . . . . .	P Near	 00000000 FLAT	Length= 00000000 External STDCALL
CreateOutputFile . . . . . . . .	P Near	 00000000 FLAT	Length= 00000000 External STDCALL
Crlf . . . . . . . . . . . . . .	P Near	 00000000 FLAT	Length= 00000000 External STDCALL
Delay  . . . . . . . . . . . . .	P Near	 00000000 FLAT	Length= 00000000 External STDCALL
DumpMem  . . . . . . . . . . . .	P Near	 00000000 FLAT	Length= 00000000 External STDCALL
DumpRegs . . . . . . . . . . . .	P Near	 00000000 FLAT	Length= 00000000 External STDCALL
ExitProcess  . . . . . . . . . .	P Near	 00000000 FLAT	Length= 00000000 External STDCALL
FileTimeToDosDateTime  . . . . .	P Near	 00000000 FLAT	Length= 00000000 External STDCALL
FileTimeToSystemTime . . . . . .	P Near	 00000000 FLAT	Length= 00000000 External STDCALL
FlushConsoleInputBuffer  . . . .	P Near	 00000000 FLAT	Length= 00000000 External STDCALL
FormatMessageA . . . . . . . . .	P Near	 00000000 FLAT	Length= 00000000 External STDCALL
GetCommandLineA  . . . . . . . .	P Near	 00000000 FLAT	Length= 00000000 External STDCALL
GetCommandTail . . . . . . . . .	P Near	 00000000 FLAT	Length= 00000000 External STDCALL
GetConsoleCP . . . . . . . . . .	P Near	 00000000 FLAT	Length= 00000000 External STDCALL
GetConsoleCursorInfo . . . . . .	P Near	 00000000 FLAT	Length= 00000000 External STDCALL
GetConsoleMode . . . . . . . . .	P Near	 00000000 FLAT	Length= 00000000 External STDCALL
GetConsoleScreenBufferInfo . . .	P Near	 00000000 FLAT	Length= 00000000 External STDCALL
GetDateTime  . . . . . . . . . .	P Near	 00000000 FLAT	Length= 00000000 External STDCALL
GetFileTime  . . . . . . . . . .	P Near	 00000000 FLAT	Length= 00000000 External STDCALL
GetKeyState  . . . . . . . . . .	P Near	 00000000 FLAT	Length= 00000000 External STDCALL
GetLastError . . . . . . . . . .	P Near	 00000000 FLAT	Length= 00000000 External STDCALL
GetLocalTime . . . . . . . . . .	P Near	 00000000 FLAT	Length= 00000000 External STDCALL
GetMaxXY . . . . . . . . . . . .	P Near	 00000000 FLAT	Length= 00000000 External STDCALL
GetMseconds  . . . . . . . . . .	P Near	 00000000 FLAT	Length= 00000000 External STDCALL
GetNumberOfConsoleInputEvents  .	P Near	 00000000 FLAT	Length= 00000000 External STDCALL
GetProcessHeap . . . . . . . . .	P Near	 00000000 FLAT	Length= 00000000 External STDCALL
GetStdHandle . . . . . . . . . .	P Near	 00000000 FLAT	Length= 00000000 External STDCALL
GetSystemTime  . . . . . . . . .	P Near	 00000000 FLAT	Length= 00000000 External STDCALL
GetTextColor . . . . . . . . . .	P Near	 00000000 FLAT	Length= 00000000 External STDCALL
GetTickCount . . . . . . . . . .	P Near	 00000000 FLAT	Length= 00000000 External STDCALL
Gotoxy . . . . . . . . . . . . .	P Near	 00000000 FLAT	Length= 00000000 External STDCALL
HeapAlloc  . . . . . . . . . . .	P Near	 00000000 FLAT	Length= 00000000 External STDCALL
HeapCreate . . . . . . . . . . .	P Near	 00000000 FLAT	Length= 00000000 External STDCALL
HeapDestroy  . . . . . . . . . .	P Near	 00000000 FLAT	Length= 00000000 External STDCALL
HeapFree . . . . . . . . . . . .	P Near	 00000000 FLAT	Length= 00000000 External STDCALL
HeapSize . . . . . . . . . . . .	P Near	 00000000 FLAT	Length= 00000000 External STDCALL
IsDigit  . . . . . . . . . . . .	P Near	 00000000 FLAT	Length= 00000000 External STDCALL
LocalFree  . . . . . . . . . . .	P Near	 00000000 FLAT	Length= 00000000 External STDCALL
MessageBoxA  . . . . . . . . . .	P Near	 00000000 FLAT	Length= 00000000 External STDCALL
MsgBoxAsk  . . . . . . . . . . .	P Near	 00000000 FLAT	Length= 00000000 External STDCALL
MsgBox . . . . . . . . . . . . .	P Near	 00000000 FLAT	Length= 00000000 External STDCALL
OpenInputFile  . . . . . . . . .	P Near	 00000000 FLAT	Length= 00000000 External STDCALL
ParseDecimal32 . . . . . . . . .	P Near	 00000000 FLAT	Length= 00000000 External STDCALL
ParseInteger32 . . . . . . . . .	P Near	 00000000 FLAT	Length= 00000000 External STDCALL
ParseTempsFromString . . . . . .	P Near	 0000008E _TEXT	Length= 00000081 Public STDCALL
  charBuffer . . . . . . . . . .	Byte	 bp - 00000008
  negativeFlag . . . . . . . . .	DWord	 bp - 0000000C
  _collectLoop . . . . . . . . .	L Near	 000000A0 _TEXT	
  _readChar  . . . . . . . . . .	L Near	 000000A9 _TEXT	
  _endOfToken  . . . . . . . . .	L Near	 000000BD _TEXT	
  _calculateDigit  . . . . . . .	L Near	 000000DC _TEXT	
  _finishStorage . . . . . . . .	L Near	 00000101 _TEXT	
PeekConsoleInputA  . . . . . . .	P Near	 00000000 FLAT	Length= 00000000 External STDCALL
Random32 . . . . . . . . . . . .	P Near	 00000000 FLAT	Length= 00000000 External STDCALL
RandomRange  . . . . . . . . . .	P Near	 00000000 FLAT	Length= 00000000 External STDCALL
Randomize  . . . . . . . . . . .	P Near	 00000000 FLAT	Length= 00000000 External STDCALL
ReadChar . . . . . . . . . . . .	P Near	 00000000 FLAT	Length= 00000000 External STDCALL
ReadConsoleA . . . . . . . . . .	P Near	 00000000 FLAT	Length= 00000000 External STDCALL
ReadConsoleInputA  . . . . . . .	P Near	 00000000 FLAT	Length= 00000000 External STDCALL
ReadDec  . . . . . . . . . . . .	P Near	 00000000 FLAT	Length= 00000000 External STDCALL
ReadFile . . . . . . . . . . . .	P Near	 00000000 FLAT	Length= 00000000 External STDCALL
ReadFloat  . . . . . . . . . . .	P Near	 00000000 FLAT	Length= 00000000 External STDCALL
ReadFromFile . . . . . . . . . .	P Near	 00000000 FLAT	Length= 00000000 External STDCALL
ReadHex  . . . . . . . . . . . .	P Near	 00000000 FLAT	Length= 00000000 External STDCALL
ReadInt  . . . . . . . . . . . .	P Near	 00000000 FLAT	Length= 00000000 External STDCALL
ReadKeyFlush . . . . . . . . . .	P Near	 00000000 FLAT	Length= 00000000 External STDCALL
ReadKey  . . . . . . . . . . . .	P Near	 00000000 FLAT	Length= 00000000 External STDCALL
ReadString . . . . . . . . . . .	P Near	 00000000 FLAT	Length= 00000000 External STDCALL
SetConsoleCursorInfo . . . . . .	P Near	 00000000 FLAT	Length= 00000000 External STDCALL
SetConsoleCursorPosition . . . .	P Near	 00000000 FLAT	Length= 00000000 External STDCALL
SetConsoleMode . . . . . . . . .	P Near	 00000000 FLAT	Length= 00000000 External STDCALL
SetConsoleScreenBufferSize . . .	P Near	 00000000 FLAT	Length= 00000000 External STDCALL
SetConsoleTextAttribute  . . . .	P Near	 00000000 FLAT	Length= 00000000 External STDCALL
SetConsoleTitleA . . . . . . . .	P Near	 00000000 FLAT	Length= 00000000 External STDCALL
SetConsoleWindowInfo . . . . . .	P Near	 00000000 FLAT	Length= 00000000 External STDCALL
SetFilePointer . . . . . . . . .	P Near	 00000000 FLAT	Length= 00000000 External STDCALL
SetLocalTime . . . . . . . . . .	P Near	 00000000 FLAT	Length= 00000000 External STDCALL
SetTextColor . . . . . . . . . .	P Near	 00000000 FLAT	Length= 00000000 External STDCALL
ShowFPUStack . . . . . . . . . .	P Near	 00000000 FLAT	Length= 00000000 External STDCALL
Sleep  . . . . . . . . . . . . .	P Near	 00000000 FLAT	Length= 00000000 External STDCALL
StrLength  . . . . . . . . . . .	P Near	 00000000 FLAT	Length= 00000000 External STDCALL
Str_compare  . . . . . . . . . .	P Near	 00000000 FLAT	Length= 00000000 External STDCALL
Str_copy . . . . . . . . . . . .	P Near	 00000000 FLAT	Length= 00000000 External STDCALL
Str_length . . . . . . . . . . .	P Near	 00000000 FLAT	Length= 00000000 External STDCALL
Str_trim . . . . . . . . . . . .	P Near	 00000000 FLAT	Length= 00000000 External STDCALL
Str_ucase  . . . . . . . . . . .	P Near	 00000000 FLAT	Length= 00000000 External STDCALL
SystemTimeToFileTime . . . . . .	P Near	 00000000 FLAT	Length= 00000000 External STDCALL
WaitMsg  . . . . . . . . . . . .	P Near	 00000000 FLAT	Length= 00000000 External STDCALL
WriteBinB  . . . . . . . . . . .	P Near	 00000000 FLAT	Length= 00000000 External STDCALL
WriteBin . . . . . . . . . . . .	P Near	 00000000 FLAT	Length= 00000000 External STDCALL
WriteChar  . . . . . . . . . . .	P Near	 00000000 FLAT	Length= 00000000 External STDCALL
WriteConsoleA  . . . . . . . . .	P Near	 00000000 FLAT	Length= 00000000 External STDCALL
WriteConsoleOutputAttribute  . .	P Near	 00000000 FLAT	Length= 00000000 External STDCALL
WriteConsoleOutputCharacterA . .	P Near	 00000000 FLAT	Length= 00000000 External STDCALL
WriteDec . . . . . . . . . . . .	P Near	 00000000 FLAT	Length= 00000000 External STDCALL
WriteFile  . . . . . . . . . . .	P Near	 00000000 FLAT	Length= 00000000 External STDCALL
WriteFloat . . . . . . . . . . .	P Near	 00000000 FLAT	Length= 00000000 External STDCALL
WriteHexB  . . . . . . . . . . .	P Near	 00000000 FLAT	Length= 00000000 External STDCALL
WriteHex . . . . . . . . . . . .	P Near	 00000000 FLAT	Length= 00000000 External STDCALL
WriteInt . . . . . . . . . . . .	P Near	 00000000 FLAT	Length= 00000000 External STDCALL
WriteStackFrameName  . . . . . .	P Near	 00000000 FLAT	Length= 00000000 External STDCALL
WriteStackFrame  . . . . . . . .	P Near	 00000000 FLAT	Length= 00000000 External STDCALL
WriteString  . . . . . . . . . .	P Near	 00000000 FLAT	Length= 00000000 External STDCALL
WriteTempsReverse  . . . . . . .	P Near	 0000010F _TEXT	Length= 0000003A Public STDCALL
  _reverseLoop . . . . . . . . .	L Near	 0000012A _TEXT	
WriteToFile  . . . . . . . . . .	P Near	 00000000 FLAT	Length= 00000000 External STDCALL
WriteWindowsMsg  . . . . . . . .	P Near	 00000000 FLAT	Length= 00000000 External STDCALL
main . . . . . . . . . . . . . .	P Near	 00000000 _TEXT	Length= 0000008E Public STDCALL
  _invalidFile . . . . . . . . .	L Near	 0000007B _TEXT	
  _exit  . . . . . . . . . . . .	L Near	 00000087 _TEXT	
printf . . . . . . . . . . . . .	P Near	 00000000 FLAT	Length= 00000000 External C
scanf  . . . . . . . . . . . . .	P Near	 00000000 FLAT	Length= 00000000 External C
wsprintfA  . . . . . . . . . . .	P Near	 00000000 FLAT	Length= 00000000 External C


Symbols:

                N a m e                 Type     Value    Attr

@CodeSize  . . . . . . . . . . .	Number	 00000000h   
@DataSize  . . . . . . . . . . .	Number	 00000000h   
@Interface . . . . . . . . . . .	Number	 00000003h   
@Model . . . . . . . . . . . . .	Number	 00000007h   
@code  . . . . . . . . . . . . .	Text   	 _TEXT
@data  . . . . . . . . . . . . .	Text   	 FLAT
@fardata?  . . . . . . . . . . .	Text   	 FLAT
@fardata . . . . . . . . . . . .	Text   	 FLAT
@stack . . . . . . . . . . . . .	Text   	 FLAT
ALT_MASK . . . . . . . . . . . .	Number	 00000003h   
BUFFER_SIZE  . . . . . . . . . .	Number	 00001000h   
CAPSLOCK_ON  . . . . . . . . . .	Number	 00000080h   
CREATE_ALWAYS  . . . . . . . . .	Number	 00000002h   
CREATE_NEW . . . . . . . . . . .	Number	 00000001h   
CTRL_MASK  . . . . . . . . . . .	Number	 0000000Ch   
CreateFile . . . . . . . . . . .	Text   	 CreateFileA
DELIMITER  . . . . . . . . . . .	Number	 0000002Ch   
DO_NOT_SHARE . . . . . . . . . .	Number	 00000000h   
ENABLE_ECHO_INPUT  . . . . . . .	Number	 00000004h   
ENABLE_LINE_INPUT  . . . . . . .	Number	 00000002h   
ENABLE_MOUSE_INPUT . . . . . . .	Number	 00000010h   
ENABLE_PROCESSED_INPUT . . . . .	Number	 00000001h   
ENABLE_PROCESSED_OUTPUT  . . . .	Number	 00000001h   
ENABLE_WINDOW_INPUT  . . . . . .	Number	 00000008h   
ENABLE_WRAP_AT_EOL_OUTPUT  . . .	Number	 00000002h   
ENHANCED_KEY . . . . . . . . . .	Number	 00000100h   
FALSE  . . . . . . . . . . . . .	Number	 00000000h   
FILE_APPEND_DATA . . . . . . . .	Number	 00000004h   
FILE_ATTRIBUTE_ARCHIVE . . . . .	Number	 00000020h   
FILE_ATTRIBUTE_COMPRESSED  . . .	Number	 00000800h   
FILE_ATTRIBUTE_DEVICE  . . . . .	Number	 00000040h   
FILE_ATTRIBUTE_DIRECTORY . . . .	Number	 00000010h   
FILE_ATTRIBUTE_ENCRYPTED . . . .	Number	 00004000h   
FILE_ATTRIBUTE_HIDDEN  . . . . .	Number	 00000002h   
FILE_ATTRIBUTE_NORMAL  . . . . .	Number	 00000080h   
FILE_ATTRIBUTE_NOT_CONTENT_INDEXED .	Number	 00002000h   
FILE_ATTRIBUTE_OFFLINE . . . . .	Number	 00001000h   
FILE_ATTRIBUTE_READONLY  . . . .	Number	 00000001h   
FILE_ATTRIBUTE_REPARSE_POINT . .	Number	 00000400h   
FILE_ATTRIBUTE_SPARSE_FILE . . .	Number	 00000200h   
FILE_ATTRIBUTE_SYSTEM  . . . . .	Number	 00000004h   
FILE_ATTRIBUTE_TEMPORARY . . . .	Number	 00000100h   
FILE_BEGIN . . . . . . . . . . .	Number	 00000000h   
FILE_CURRENT . . . . . . . . . .	Number	 00000001h   
FILE_DELETE_CHILD  . . . . . . .	Number	 00000040h   
FILE_END . . . . . . . . . . . .	Number	 00000002h   
FILE_READ_DATA . . . . . . . . .	Number	 00000001h   
FILE_SHARE_DELETE  . . . . . . .	Number	 00000004h   
FILE_SHARE_READ  . . . . . . . .	Number	 00000001h   
FILE_SHARE_WRITE . . . . . . . .	Number	 00000002h   
FILE_WRITE_DATA  . . . . . . . .	Number	 00000002h   
FOCUS_EVENT  . . . . . . . . . .	Number	 00000010h   
FORMAT_MESSAGE_ALLOCATE_BUFFER .	Number	 00000100h   
FORMAT_MESSAGE_FROM_SYSTEM . . .	Number	 00001000h   
FormatMessage  . . . . . . . . .	Text   	 FormatMessageA
GENERIC_ALL  . . . . . . . . . .	Number	 10000000h   
GENERIC_EXECUTE  . . . . . . . .	Number	 20000000h   
GENERIC_READ . . . . . . . . . .	Number	 -80000000h   
GENERIC_WRITE  . . . . . . . . .	Number	 40000000h   
GetCommandLine . . . . . . . . .	Text   	 GetCommandLineA
HANDLE . . . . . . . . . . . . .	Text   	 DWORD
HEAP_GENERATE_EXCEPTIONS . . . .	Number	 00000004h   
HEAP_GROWABLE  . . . . . . . . .	Number	 00000002h   
HEAP_NO_SERIALIZE  . . . . . . .	Number	 00000001h   
HEAP_REALLOC_IN_PLACE_ONLY . . .	Number	 00000010h   
HEAP_ZERO_MEMORY . . . . . . . .	Number	 00000008h   
IDABORT  . . . . . . . . . . . .	Number	 00000003h   
IDCANCEL . . . . . . . . . . . .	Number	 00000002h   
IDCLOSE  . . . . . . . . . . . .	Number	 00000008h   
IDCONTINUE . . . . . . . . . . .	Number	 0000000Bh   
IDHELP . . . . . . . . . . . . .	Number	 00000009h   
IDIGNORE . . . . . . . . . . . .	Number	 00000005h   
IDNO . . . . . . . . . . . . . .	Number	 00000007h   
IDOK . . . . . . . . . . . . . .	Number	 00000001h   
IDRETRY  . . . . . . . . . . . .	Number	 00000004h   
IDTIMEOUT  . . . . . . . . . . .	Number	 00007D00h   
IDTRYAGAIN . . . . . . . . . . .	Number	 0000000Ah   
IDYES  . . . . . . . . . . . . .	Number	 00000006h   
INVALID_HANDLE_VALUE . . . . . .	Number	 -00000001h   
KBDOWN_FLAG  . . . . . . . . . .	Number	 00000001h   
KEY_EVENT  . . . . . . . . . . .	Number	 00000001h   
KEY_MASKS  . . . . . . . . . . .	Number	 0000001Fh   
LEFT_ALT_PRESSED . . . . . . . .	Number	 00000002h   
LEFT_CTRL_PRESSED  . . . . . . .	Number	 00000008h   
MAX_CHARS  . . . . . . . . . . .	Number	 00000020h   
MB_ABORTRETRYIGNORE  . . . . . .	Number	 00000002h   
MB_APPLMODAL . . . . . . . . . .	Number	 00000000h   
MB_CANCELTRYCONTINUE . . . . . .	Number	 00000006h   
MB_DEFBUTTON1  . . . . . . . . .	Number	 00000000h   
MB_DEFBUTTON2  . . . . . . . . .	Number	 00000100h   
MB_DEFBUTTON3  . . . . . . . . .	Number	 00000200h   
MB_DEFBUTTON4  . . . . . . . . .	Number	 00000300h   
MB_HELP  . . . . . . . . . . . .	Number	 00004000h   
MB_ICONASTERISK  . . . . . . . .	Number	 00000040h   
MB_ICONERROR . . . . . . . . . .	Number	 00000010h   
MB_ICONEXCLAMATION . . . . . . .	Number	 00000030h   
MB_ICONHAND  . . . . . . . . . .	Number	 00000010h   
MB_ICONINFORMATION . . . . . . .	Number	 00000040h   
MB_ICONQUESTION  . . . . . . . .	Number	 00000020h   
MB_ICONSTOP  . . . . . . . . . .	Number	 00000010h   
MB_ICONWARNING . . . . . . . . .	Number	 00000030h   
MB_OKCANCEL  . . . . . . . . . .	Number	 00000001h   
MB_OK  . . . . . . . . . . . . .	Number	 00000000h   
MB_RETRYCANCEL . . . . . . . . .	Number	 00000005h   
MB_SYSTEMMODAL . . . . . . . . .	Number	 00001000h   
MB_TASKMODAL . . . . . . . . . .	Number	 00002000h   
MB_USERICON  . . . . . . . . . .	Number	 00000080h   
MB_YESNOCANCEL . . . . . . . . .	Number	 00000003h   
MB_YESNO . . . . . . . . . . . .	Number	 00000004h   
MENU_EVENT . . . . . . . . . . .	Number	 00000008h   
MOUSE_EVENT  . . . . . . . . . .	Number	 00000002h   
MessageBox . . . . . . . . . . .	Text   	 MessageBoxA
NULL . . . . . . . . . . . . . .	Number	 00000000h   
NUMLOCK_ON . . . . . . . . . . .	Number	 00000020h   
OPEN_ALWAYS  . . . . . . . . . .	Number	 00000004h   
OPEN_EXISTING  . . . . . . . . .	Number	 00000003h   
PeekConsoleInput . . . . . . . .	Text   	 PeekConsoleInputA
RIGHT_ALT_PRESSED  . . . . . . .	Number	 00000001h   
RIGHT_CTRL_PRESSED . . . . . . .	Number	 00000004h   
ReadConsoleInput . . . . . . . .	Text   	 ReadConsoleInputA
ReadConsole  . . . . . . . . . .	Text   	 ReadConsoleA
SCROLLLOCK_ON  . . . . . . . . .	Number	 00000040h   
SHIFT_MASK . . . . . . . . . . .	Number	 00000010h   
SHIFT_PRESSED  . . . . . . . . .	Number	 00000010h   
STD_ERROR_HANDLE . . . . . . . .	Number	 -0000000Ch   
STD_INPUT_HANDLE . . . . . . . .	Number	 -0000000Ah   
STD_OUTPUT_HANDLE  . . . . . . .	Number	 -0000000Bh   
SetConsoleTitle  . . . . . . . .	Text   	 SetConsoleTitleA
TAB  . . . . . . . . . . . . . .	Number	 00000009h   
TEMPS_PER_DAY  . . . . . . . . .	Number	 00000018h   
TRUE . . . . . . . . . . . . . .	Number	 00000001h   
TRUNCATE_EXISTING  . . . . . . .	Number	 00000005h   
VK_11  . . . . . . . . . . . . .	Number	 000000BDh   
VK_12  . . . . . . . . . . . . .	Number	 000000BBh   
VK_ADD . . . . . . . . . . . . .	Number	 0000006Bh   
VK_BACK  . . . . . . . . . . . .	Number	 00000008h   
VK_CANCEL  . . . . . . . . . . .	Number	 00000003h   
VK_CAPITAL . . . . . . . . . . .	Number	 00000014h   
VK_CLEAR . . . . . . . . . . . .	Number	 0000000Ch   
VK_CONTROL . . . . . . . . . . .	Number	 00000011h   
VK_DECIMAL . . . . . . . . . . .	Number	 0000006Eh   
VK_DELETE  . . . . . . . . . . .	Number	 0000002Eh   
VK_DIVIDE  . . . . . . . . . . .	Number	 0000006Fh   
VK_DOWN  . . . . . . . . . . . .	Number	 00000028h   
VK_END . . . . . . . . . . . . .	Number	 00000023h   
VK_ESCAPE  . . . . . . . . . . .	Number	 0000001Bh   
VK_EXECUTE . . . . . . . . . . .	Number	 0000002Bh   
VK_F10 . . . . . . . . . . . . .	Number	 00000079h   
VK_F11 . . . . . . . . . . . . .	Number	 0000007Ah   
VK_F12 . . . . . . . . . . . . .	Number	 0000007Bh   
VK_F13 . . . . . . . . . . . . .	Number	 0000007Ch   
VK_F14 . . . . . . . . . . . . .	Number	 0000007Dh   
VK_F15 . . . . . . . . . . . . .	Number	 0000007Eh   
VK_F16 . . . . . . . . . . . . .	Number	 0000007Fh   
VK_F17 . . . . . . . . . . . . .	Number	 00000080h   
VK_F18 . . . . . . . . . . . . .	Number	 00000081h   
VK_F19 . . . . . . . . . . . . .	Number	 00000082h   
VK_F1  . . . . . . . . . . . . .	Number	 00000070h   
VK_F20 . . . . . . . . . . . . .	Number	 00000083h   
VK_F21 . . . . . . . . . . . . .	Number	 00000084h   
VK_F22 . . . . . . . . . . . . .	Number	 00000085h   
VK_F23 . . . . . . . . . . . . .	Number	 00000086h   
VK_F24 . . . . . . . . . . . . .	Number	 00000087h   
VK_F2  . . . . . . . . . . . . .	Number	 00000071h   
VK_F3  . . . . . . . . . . . . .	Number	 00000072h   
VK_F4  . . . . . . . . . . . . .	Number	 00000073h   
VK_F5  . . . . . . . . . . . . .	Number	 00000074h   
VK_F6  . . . . . . . . . . . . .	Number	 00000075h   
VK_F7  . . . . . . . . . . . . .	Number	 00000076h   
VK_F8  . . . . . . . . . . . . .	Number	 00000077h   
VK_F9  . . . . . . . . . . . . .	Number	 00000078h   
VK_HELP  . . . . . . . . . . . .	Number	 0000002Fh   
VK_HOME  . . . . . . . . . . . .	Number	 00000024h   
VK_INSERT  . . . . . . . . . . .	Number	 0000002Dh   
VK_LBUTTON . . . . . . . . . . .	Number	 00000001h   
VK_LCONTROL  . . . . . . . . . .	Number	 000000A2h   
VK_LEFT  . . . . . . . . . . . .	Number	 00000025h   
VK_LMENU . . . . . . . . . . . .	Number	 000000A4h   
VK_LSHIFT  . . . . . . . . . . .	Number	 000000A0h   
VK_MENU  . . . . . . . . . . . .	Number	 00000012h   
VK_MULTIPLY  . . . . . . . . . .	Number	 0000006Ah   
VK_NEXT  . . . . . . . . . . . .	Number	 00000022h   
VK_NUMLOCK . . . . . . . . . . .	Number	 00000090h   
VK_NUMPAD0 . . . . . . . . . . .	Number	 00000060h   
VK_NUMPAD1 . . . . . . . . . . .	Number	 00000061h   
VK_NUMPAD2 . . . . . . . . . . .	Number	 00000062h   
VK_NUMPAD3 . . . . . . . . . . .	Number	 00000063h   
VK_NUMPAD4 . . . . . . . . . . .	Number	 00000064h   
VK_NUMPAD5 . . . . . . . . . . .	Number	 00000065h   
VK_NUMPAD6 . . . . . . . . . . .	Number	 00000066h   
VK_NUMPAD7 . . . . . . . . . . .	Number	 00000067h   
VK_NUMPAD8 . . . . . . . . . . .	Number	 00000068h   
VK_NUMPAD9 . . . . . . . . . . .	Number	 00000069h   
VK_PAUSE . . . . . . . . . . . .	Number	 00000013h   
VK_PRINT . . . . . . . . . . . .	Number	 0000002Ah   
VK_PRIOR . . . . . . . . . . . .	Number	 00000021h   
VK_RBUTTON . . . . . . . . . . .	Number	 00000002h   
VK_RCONTROL  . . . . . . . . . .	Number	 000000A3h   
VK_RETURN  . . . . . . . . . . .	Number	 0000000Dh   
VK_RIGHT . . . . . . . . . . . .	Number	 00000027h   
VK_RMENU . . . . . . . . . . . .	Number	 000000A5h   
VK_RSHIFT  . . . . . . . . . . .	Number	 000000A1h   
VK_SCROLL  . . . . . . . . . . .	Number	 00000091h   
VK_SEPARATER . . . . . . . . . .	Number	 0000006Ch   
VK_SHIFT . . . . . . . . . . . .	Number	 00000010h   
VK_SNAPSHOT  . . . . . . . . . .	Number	 0000002Ch   
VK_SPACE . . . . . . . . . . . .	Number	 00000020h   
VK_SUBTRACT  . . . . . . . . . .	Number	 0000006Dh   
VK_TAB . . . . . . . . . . . . .	Number	 00000009h   
VK_UP  . . . . . . . . . . . . .	Number	 00000026h   
WINDOW_BUFFER_SIZE_EVENT . . . .	Number	 00000004h   
WriteConsoleOutputCharacter  . .	Text   	 WriteConsoleOutputCharacterA
WriteConsole . . . . . . . . . .	Text   	 WriteConsoleA
black  . . . . . . . . . . . . .	Number	 00000000h   
blue . . . . . . . . . . . . . .	Number	 00000001h   
brown  . . . . . . . . . . . . .	Number	 00000006h   
bytesRead  . . . . . . . . . . .	DWord	 00000139 _DATA	
cyan . . . . . . . . . . . . . .	Number	 00000003h   
exit . . . . . . . . . . . . . .	Text   	 INVOKE ExitProcess,0
fileBuffer . . . . . . . . . . .	Byte	 0000013D _DATA	
fileErrorMsg . . . . . . . . . .	Byte	 00000102 _DATA	
fileHandle . . . . . . . . . . .	DWord	 0000119D _DATA	
fileNamePrompt . . . . . . . . .	Byte	 000000DA _DATA	
fileName . . . . . . . . . . . .	Byte	 00000119 _DATA	
gray . . . . . . . . . . . . . .	Number	 00000008h   
green  . . . . . . . . . . . . .	Number	 00000002h   
introPrompt  . . . . . . . . . .	Byte	 00000000 _DATA	
lightBlue  . . . . . . . . . . .	Number	 00000009h   
lightCyan  . . . . . . . . . . .	Number	 0000000Bh   
lightGray  . . . . . . . . . . .	Number	 00000007h   
lightGreen . . . . . . . . . . .	Number	 0000000Ah   
lightMagenta . . . . . . . . . .	Number	 0000000Dh   
lightRed . . . . . . . . . . . .	Number	 0000000Ch   
magenta  . . . . . . . . . . . .	Number	 00000005h   
red  . . . . . . . . . . . . . .	Number	 00000004h   
tempArray  . . . . . . . . . . .	DWord	 0000113D _DATA	
white  . . . . . . . . . . . . .	Number	 0000000Fh   
wsprintf . . . . . . . . . . . .	Text   	 wsprintfA
yellow . . . . . . . . . . . . .	Number	 0000000Eh   

	   1 Warnings
	   0 Errors
