Microsoft (R) Macro Assembler Version 14.44.35225.0	    06/07/26 09:48:19
3Temperature Reader Program     (Proj6_guardadd.asm	     Page 1 - 1


				TITLE Temperature Reader Program     (Proj6_guardadd.asm)

				; Author: Daniel Guardado
				; Last Modified: 6/7/2026
				; OSU email address: guardadd@oregonstate.edu
				; Course number/section:   CS271 Section 400
				; Project Number: 6               Due Date: 6/7/2026
				; Description:  This programs asks the user to enter the name of a file that will contain 
				;               comma-delimited temperature values. The program will then open the file, 
				;               read the temperatures, and print the signed values in reverse order.

				INCLUDE Irvine32.inc
			      C ; Include file for Irvine32.lib             (Irvine32.inc)
			      C 
			      C ;OPTION CASEMAP:NONE		; optional: make identifiers case-sensitive
			      C 
			      C INCLUDE SmallWin.inc		; MS-Windows prototypes, structures, and constants
			      C .NOLIST
			      C .LIST
			      C 
			      C INCLUDE VirtualKeys.inc
			      C ; VirtualKeys.inc
			      C .NOLIST
			      C .LIST
			      C 
			      C 
			      C .NOLIST
			      C .LIST
			      C 

				; -----------------------------------------------------------------
				; Name: mGetString
				;
				; Displays a prompt and reads a string of characters.
				;
				; Receives:
				;   fileNamePromptRef   = address of text prompt to display
				;   fileNameRef         = address of byte array to store input in
				;   maxChars            = maximum number of characters to read
				;   bytesReadRef        = address variable that stores read length
				;
				; Returns:
				;   fileNameRef         = user typed string
				;   bytesReadRef        = number of bytes read
				; -----------------------------------------------------------------
				mGetString MACRO fileNamePromptRef:req, fileNameRef:req, maxChars:req, bytesReadRef:req
					pushad
					
					mov		edx, fileNamePromptRef
					call	WriteString
					mov		edx, fileNameRef
					mov		ecx, maxChars
					call	ReadString
					mov		edx, bytesReadRef
					mov		[edx], eax
				    call    CrLf

					popad
				ENDM

				; ---------------------------------------------------------------
				; Name: mDisplayString
				;
				; Prints an ASCII-formatted, null-terminated string to console.
				;
				; Preconditions: stringRef must refer to null-terminated string.
				;
				; Receives:
				;   stringRef   = address of string
				; ---------------------------------------------------------------
				mDisplayString MACRO stringRef:req
					push	edx

					mov		edx, stringRef
					call	WriteString

					pop		edx
				ENDM

				; ----------------------------------------------------
				; Name: mDisplayChar
				;
				; Displays a single ASCII character to the console.
				;
				; Receives:
				;   charVal = ASCII character (literal/constant)
				; ----------------------------------------------------
				mDisplayChar MACRO charVal:req
				    push	eax

				    mov		al, charVal
				    call	WriteChar

				    pop		eax
				ENDM

 = 00001000			BUFFER_SIZE		= 4096
 = 00000020			MAX_CHARS		= 32
 = 00000018			TEMPS_PER_DAY	= 24
 = 0000002C			DELIMITER		= ','

 00000000			.data
 00000000 57 65 6C 63 6F		introPrompt		BYTE	"Welcome to the Temperature Reader Program. This program will read a comma-delimited file",13,10
	   6D 65 20 74 6F
	   20 74 68 65 20
	   54 65 6D 70 65
	   72 61 74 75 72
	   65 20 52 65 61
	   64 65 72 20 50
	   72 6F 67 72 61
	   6D 2E 20 54 68
	   69 73 20 70 72
	   6F 67 72 61 6D
	   20 77 69 6C 6C
	   20 72 65 61 64
	   20 61 20 63 6F
	   6D 6D 61 2D 64
	   65 6C 69 6D 69
	   74 65 64 20 66
	   69 6C 65 0D 0A
 0000005A  74 68 61 74 20						BYTE	"that must be ASCII-formatted. It will retrieve the stored temperature values properly",13,10
	   6D 75 73 74 20
	   62 65 20 41 53
	   43 49 49 2D 66
	   6F 72 6D 61 74
	   74 65 64 2E 20
	   49 74 20 77 69
	   6C 6C 20 72 65
	   74 72 69 65 76
	   65 20 74 68 65
	   20 73 74 6F 72
	   65 64 20 74 65
	   6D 70 65 72 61
	   74 75 72 65 20
	   76 61 6C 75 65
	   73 20 70 72 6F
	   70 65 72 6C 79
	   0D 0A
 000000B1  61 6E 64 20 70						BYTE	"and print the values in reverse order.",13,10,0
	   72 69 6E 74 20
	   74 68 65 20 76
	   61 6C 75 65 73
	   20 69 6E 20 72
	   65 76 65 72 73
	   65 20 6F 72 64
	   65 72 2E 0D 0A
	   00
 000000DA 45 6E 74 65 72		fileNamePrompt	BYTE	"Enter the name of the file to be read: ",0
	   20 74 68 65 20
	   6E 61 6D 65 20
	   6F 66 20 74 68
	   65 20 66 69 6C
	   65 20 74 6F 20
	   62 65 20 72 65
	   61 64 3A 20 00
 00000102 49 6E 63 6F 72		fileErrorMsg	BYTE	"Incorrect file name.",13,10,0
	   72 65 63 74 20
	   66 69 6C 65 20
	   6E 61 6D 65 2E
	   0D 0A 00
 00000119 43 6F 72 72 65	    correctTempMsg  BYTE    "Correct temperature order:",13,10,0
	   63 74 20 74 65
	   6D 70 65 72 61
	   74 75 72 65 20
	   6F 72 64 65 72
	   3A 0D 0A 00
 00000136 47 6F 6F 64 62	    farewellMsg     BYTE    "Goodbye.",0
	   79 65 2E 00

 0000013F  00000020 [			fileName        BYTE    MAX_CHARS       DUP(?)  ; File name buffer for user string input
	    00
	   ]
 0000015F 00000000		    bytesRead       DWORD   ?                       ; Length of user string input
 00000163  00001000 [		    fileBuffer      BYTE    BUFFER_SIZE     DUP(?)  ; Buffer for raw text contents from file
	    00
	   ]
 00001163  00000018 [		    tempArray       SDWORD  TEMPS_PER_DAY   DUP(?)  ; Array for storing converted signed integers
	    00000000
	   ]
 000011C3 00000000		    fileHandle      DWORD   ?                       ; System handle variable for the opened file

 00000000			.code
 00000000			main PROC
				; Display introduction
				    mDisplayString  OFFSET introPrompt
 00000000  52		     1		push	edx
 00000001  BA 00000000 R     1		mov		edx, OFFSET introPrompt
 00000006  E8 00000000 E     1		call	WriteString
 0000000B  5A		     1		pop		edx

 0000000C			_promptUser:
				    ; Get user filename, attempt to open file.
				    mGetString      OFFSET fileNamePrompt, OFFSET fileName, MAX_CHARS, OFFSET bytesRead
 0000000C  60		     1		pushad
 0000000D  BA 000000DA R     1		mov		edx, OFFSET fileNamePrompt
 00000012  E8 00000000 E     1		call	WriteString
 00000017  BA 0000013F R     1		mov		edx, OFFSET fileName
 0000001C  B9 00000020	     1		mov		ecx, MAX_CHARS
 00000021  E8 00000000 E     1		call	ReadString
 00000026  BA 0000015F R     1		mov		edx, OFFSET bytesRead
 0000002B  89 02	     1		mov		[edx], eax
 0000002D  E8 00000000 E     1	    call    CrLf
 00000032  61		     1		popad
 00000033  BA 0000013F R	    mov             edx, OFFSET fileName
 00000038  E8 00000000 E	    call            OpenInputFile
 0000003D  A3 000011C3 R	    mov             fileHandle, eax

				    ; Check file handle. If negative, throw error message and reprompt.
 00000042  83 F8 FF		    cmp             eax, INVALID_HANDLE_VALUE
 00000045  75 0E		    jne             _fileValid
				    mDisplayString  OFFSET fileErrorMsg
 00000047  52		     1		push	edx
 00000048  BA 00000102 R     1		mov		edx, OFFSET fileErrorMsg
 0000004D  E8 00000000 E     1		call	WriteString
 00000052  5A		     1		pop		edx
 00000053  EB B7		    jmp             _promptUser

 00000055			_fileValid:
				    ; Read and store text data stream into fileBuffer. Close file stream after finished.
 00000055  A1 000011C3 R	    mov             eax, fileHandle
 0000005A  BA 00000163 R	    mov             edx, OFFSET fileBuffer
 0000005F  B9 00001000		    mov             ecx, BUFFER_SIZE
 00000064  E8 00000000 E	    call            ReadFromFile
 00000069  A1 000011C3 R	    mov             eax, fileHandle
 0000006E  E8 00000000 E	    call            CloseFile

				    ; Convert fileBuffer content into formatted SDWORD values.
 00000073  68 00000163 R	    push            OFFSET fileBuffer
 00000078  68 00001163 R	    push            OFFSET tempArray
 0000007D  E8 0000002E		    call            ParseTempsFromString

				    ; Display correct temperatures message.
				    mDisplayString  OFFSET correctTempMsg
 00000082  52		     1		push	edx
 00000083  BA 00000119 R     1		mov		edx, OFFSET correctTempMsg
 00000088  E8 00000000 E     1		call	WriteString
 0000008D  5A		     1		pop		edx

				    ; Print converted signed array items in reverse order.
 0000008E  68 00001163 R	    push            OFFSET tempArray
 00000093  E8 00000099		    call            WriteTempsReverse

				    ; Display farewell message.
 00000098  E8 00000000 E	    call            CrLf
				    mDisplayString  OFFSET farewellMsg
 0000009D  52		     1		push	edx
 0000009E  BA 00000136 R     1		mov		edx, OFFSET farewellMsg
 000000A3  E8 00000000 E     1		call	WriteString
 000000A8  5A		     1		pop		edx

 000000A9			_exit:
				    Invoke  ExitProcess,0
 000000A9  6A 00	   *	    push   +000000000h
 000000AB  E8 00000000 E   *	    call   ExitProcess
 000000B0			main ENDP

				; ---------------------------------------------------------------------------------
				; Name: ParseTempsFromString
				;
				; Parses ASCII data string from a text file buffer, extracts numerical 
				; digit characters separated by delimiters, and converts them into signed
				; integers stored sequentially within destination array.
				;
				; Preconditions:    fileBuffer must contain valid null-terminated string of data.
				;                   tempArray must hold at least TEMPS_PER_DAY elements.
				;
				; Receives:
				;   [ebp + 12] = address of text-contents buffer
				;   [ebp + 8]  = address of destination array
				;
				; Returns:
				;   tempArray  = holds converted signed integer values
				; ---------------------------------------------------------------------------------
 000000B0			ParseTempsFromString PROC
				    LOCAL   charBuffer[8]:BYTE, negativeFlag:DWORD
 000000B0  55		   *	    push   ebp
 000000B1  8B EC	   *	    mov    ebp, esp
 000000B3  83 C4 F4	   *	    add    esp, 0FFFFFFF4h
 000000B6  60			    pushad

 000000B7  8B 75 0C		    mov     esi, [ebp + 12]     ; fileBuffer
 000000BA  8B 7D 08		    mov     edi, [ebp + 8]      ; tempArray
 000000BD  B9 00000018		    mov     ecx, TEMPS_PER_DAY  

 000000C2			_collectLoop:
				    ; Set pointer to charBuffer. 
 000000C2  8B D5		    mov     edx, ebp
 000000C4  83 EA 08		    sub     edx, 8              ; Point to charBuffer
 000000C7  57			    push    edi                 ; Preserve tempArray pointer and point EDI to charBuffer
 000000C8  8B FA		    mov     edi, edx            
 000000CA  FC			    cld                         

 000000CB			_readChar:
				    ; Check if comma, carriage return, line-feed, or end of string is reached and properly deal with them.
 000000CB  AC			    lodsb                       
 000000CC  3C 2C		    cmp     al, DELIMITER       ; Check if comma reached
 000000CE  74 0F		    je      _endOfToken
 000000D0  3C 0D		    cmp     al, 13              ; Check for carriage return
 000000D2  74 0B		    je      _endOfToken
 000000D4  3C 0A		    cmp     al, 10              ; Check and skip line-feeds
 000000D6  74 F3		    je      _readChar
 000000D8  3C 00		    cmp     al, 0               ; Check if end of string
 000000DA  74 03		    je      _endOfToken
 000000DC  AA			    stosb                       ; Store AL character in charBuffer
 000000DD  EB EC		    jmp     _readChar

 000000DF			_endOfToken:
 000000DF  B0 00		    mov     al, 0
 000000E1  AA			    stosb                       ; Null-terminate substring

				    ; Convert substring in charBuffer to integer
 000000E2  56			    push    esi                 
 000000E3  8B F2		    mov     esi, edx            ; Point ESI to charBuffer
				    
 000000E5  C7 45 F4		    mov     negativeFlag, 0     ; Reset local sign tracker
	   00000000
 000000EC  BB 00000000		    mov     ebx, 0              ; Accumulator

 000000F1  AC			    lodsb                       
 000000F2  3C 2D		    cmp     al, '-'
 000000F4  75 08		    jne     _calculateDigit
 000000F6  C7 45 F4		    mov     negativeFlag, 1     ; Toggle flag if negative number
	   00000001
 000000FD  AC			    lodsb                       ; Get first digit in substring

 000000FE			_calculateDigit:
 000000FE  2C 30		    sub     al, '0'             ; Convert ASCII character to literal value
				    
				    ; Perform multi-digit accumulation, total = (total * 10) + current_digit
 00000100  50			    push    eax                 
 00000101  8B C3		    mov     eax, ebx
 00000103  BA 0000000A		    mov     edx, 10
 00000108  F7 EA		    imul    edx                 
 0000010A  8B D8		    mov     ebx, eax            
 0000010C  58			    pop     eax                 

 0000010D  BA 00000000		    mov     edx, 0              
 00000112  8A D0		    mov     dl, al              ; Move byte to register
 00000114  03 DA		    add     ebx, edx            ; Add digit to current total

 00000116  AC			    lodsb                       
 00000117  3C 00		    cmp     al, 0               ; Process until null terminator
 00000119  75 E3		    jne     _calculateDigit

				    ; Apply negative sign if set flag
 0000011B  83 7D F4 01		    cmp     negativeFlag, 1
 0000011F  75 02		    jne     _storeElement
 00000121  F7 DB		    neg     ebx

 00000123			_storeElement:
 00000123  5E			    pop     esi                 ; Restore fileBuffer pointer
 00000124  5F			    pop     edi                 ; Restore tempArray pointer
				    
 00000125  89 1F		    mov     [edi], ebx          ; Store signed value into array
 00000127  83 C7 04		    add     edi, 4              ; Move to next tempArray position
				    
 0000012A  E2 96		    loop    _collectLoop

 0000012C  61			    popad
 0000012D  C9		   *	    leave  
 0000012E  C2 0008		    ret     8
 00000131			ParseTempsFromString ENDP
Proj6_guardadd.asm(246) : warning A6004:procedure argument or local not referenced : charBuffer

				; ---------------------------------------------------------------------------------
				; Name: WriteTempsReverse
				;
				; Traverses a signed integer array backwards (from last element) and displays
				; each temperature value followed by a comma delimiter, on the console.
				;
				; Preconditions: tempArray must have TEMPS_PER_DAY populated elements.
				;
				; Receives:
				;   [ebp + 8]  = address of tempArray
				; ---------------------------------------------------------------------------------
 00000131			WriteTempsReverse PROC
 00000131  55			    push    ebp
 00000132  8B EC		    mov     ebp, esp
 00000134  60			    pushad

 00000135  8B 75 08		    mov     esi, [ebp + 8]      ; tempArray
				    
				    ; Get memory offset (23*4) for last index element
 00000138  B8 00000018		    mov     eax, TEMPS_PER_DAY
 0000013D  48			    dec     eax
 0000013E  BB 00000004		    mov     ebx, 4
 00000143  F7 E3		    mul     ebx
				    
 00000145  03 F0		    add     esi, eax            ; ESI points to last element
 00000147  B9 00000018		    mov     ecx, TEMPS_PER_DAY  ; Set item counter

 0000014C			_reverseLoop:
				    ; Acquire and print the signed integer with delimiter
 0000014C  8B 06		    mov     eax, [esi]
 0000014E  E8 00000000 E	    call    WriteInt
				    mDisplayChar DELIMITER
 00000153  50		     1	    push	eax
 00000154  B0 2C	     1	    mov		al, DELIMITER
 00000156  E8 00000000 E     1	    call	WriteChar
 0000015B  58		     1	    pop		eax
 0000015C  83 EE 04		    sub     esi, 4              ; Move backwards to next SDWORD element
 0000015F  E2 EB		    loop    _reverseLoop        ; Loop until all elements are done

 00000161  E8 00000000 E	    call    CrLf                ; Move to next line after output line completion
				    
 00000166  61			    popad
 00000167  5D			    pop     ebp
 00000168  C2 0004		    ret     4
 0000016B			WriteTempsReverse ENDP

				END main
Microsoft (R) Macro Assembler Version 14.44.35225.0	    06/07/26 09:48:19
3Temperature Reader Program     (Proj6_guardadd.asm	     Symbols 2 - 1




Macros:

                N a m e                 Type

mDisplayChar . . . . . . . . . .	Proc
mDisplayString . . . . . . . . .	Proc
mGetString . . . . . . . . . . .	Proc


Structures and Unions:

                N a m e                  Size
                                         Offset      Type

CONSOLE_CURSOR_INFO  . . . . . .	 00000008
  dwSize . . . . . . . . . . . .	 00000000	 DWord
  bVisible . . . . . . . . . . .	 00000004	 DWord
CONSOLE_SCREEN_BUFFER_INFO . . .	 00000016
  dwSize . . . . . . . . . . . .	 00000000	 DWord
  dwCursorPosition . . . . . . .	 00000004	 DWord
  wAttributes  . . . . . . . . .	 00000008	 Word
  srWindow . . . . . . . . . . .	 0000000A	 QWord
  dwMaximumWindowSize  . . . . .	 00000012	 DWord
COORD  . . . . . . . . . . . . .	 00000004
  X  . . . . . . . . . . . . . .	 00000000	 Word
  Y  . . . . . . . . . . . . . .	 00000002	 Word
FILETIME . . . . . . . . . . . .	 00000008
  loDateTime . . . . . . . . . .	 00000000	 DWord
  hiDateTime . . . . . . . . . .	 00000004	 DWord
FOCUS_EVENT_RECORD . . . . . . .	 00000004
  bSetFocus  . . . . . . . . . .	 00000000	 DWord
FPU_ENVIRON  . . . . . . . . . .	 0000001C
  controlWord  . . . . . . . . .	 00000000	 Word
  statusWord . . . . . . . . . .	 00000004	 Word
  tagWord  . . . . . . . . . . .	 00000008	 Word
  instrPointerOffset . . . . . .	 0000000C	 DWord
  instrPointerSelector . . . . .	 00000010	 DWord
  operandPointerOffset . . . . .	 00000014	 DWord
  operandPointerSelector . . . .	 00000018	 Word
INPUT_RECORD . . . . . . . . . .	 00000014
  EventType  . . . . . . . . . .	 00000000	 Word
  Event  . . . . . . . . . . . .	 00000004	 XmmWord
  bKeyDown . . . . . . . . . . .	 00000000	 DWord
  wRepeatCount . . . . . . . . .	 00000004	 Word
  wVirtualKeyCode  . . . . . . .	 00000006	 Word
  wVirtualScanCode . . . . . . .	 00000008	 Word
  uChar  . . . . . . . . . . . .	 0000000A	 Word
  UnicodeChar  . . . . . . . . .	 00000000	 Word
  AsciiChar  . . . . . . . . . .	 00000000	 Byte
  dwControlKeyState  . . . . . .	 0000000C	 DWord
  dwMousePosition  . . . . . . .	 00000000	 DWord
  dwButtonState  . . . . . . . .	 00000004	 DWord
  dwMouseControlKeyState . . . .	 00000008	 DWord
  dwEventFlags . . . . . . . . .	 0000000C	 DWord
  dwSize . . . . . . . . . . . .	 00000000	 DWord
  dwCommandId  . . . . . . . . .	 00000000	 DWord
  bSetFocus  . . . . . . . . . .	 00000000	 DWord
KEY_EVENT_RECORD . . . . . . . .	 00000010
  bKeyDown . . . . . . . . . . .	 00000000	 DWord
  wRepeatCount . . . . . . . . .	 00000004	 Word
  wVirtualKeyCode  . . . . . . .	 00000006	 Word
  wVirtualScanCode . . . . . . .	 00000008	 Word
  uChar  . . . . . . . . . . . .	 0000000A	 Word
  UnicodeChar  . . . . . . . . .	 00000000	 Word
  AsciiChar  . . . . . . . . . .	 00000000	 Byte
  dwControlKeyState  . . . . . .	 0000000C	 DWord
MENU_EVENT_RECORD  . . . . . . .	 00000004
  dwCommandId  . . . . . . . . .	 00000000	 DWord
MOUSE_EVENT_RECORD . . . . . . .	 00000010
  dwMousePosition  . . . . . . .	 00000000	 DWord
  dwButtonState  . . . . . . . .	 00000004	 DWord
  dwMouseControlKeyState . . . .	 00000008	 DWord
  dwEventFlags . . . . . . . . .	 0000000C	 DWord
SMALL_RECT . . . . . . . . . . .	 00000008
  Left . . . . . . . . . . . . .	 00000000	 Word
  Top  . . . . . . . . . . . . .	 00000002	 Word
  Right  . . . . . . . . . . . .	 00000004	 Word
  Bottom . . . . . . . . . . . .	 00000006	 Word
SYSTEMTIME . . . . . . . . . . .	 00000010
  wYear  . . . . . . . . . . . .	 00000000	 Word
  wMonth . . . . . . . . . . . .	 00000002	 Word
  wDayOfWeek . . . . . . . . . .	 00000004	 Word
  wDay . . . . . . . . . . . . .	 00000006	 Word
  wHour  . . . . . . . . . . . .	 00000008	 Word
  wMinute  . . . . . . . . . . .	 0000000A	 Word
  wSecond  . . . . . . . . . . .	 0000000C	 Word
  wMilliseconds  . . . . . . . .	 0000000E	 Word
WINDOW_BUFFER_SIZE_RECORD  . . .	 00000004
  dwSize . . . . . . . . . . . .	 00000000	 DWord


Segments and Groups:

                N a m e                 Size     Length   Align   Combine Class

FLAT . . . . . . . . . . . . . .	GROUP
STACK  . . . . . . . . . . . . .	32 Bit	 00001000 Para	  Stack	  'STACK'	 
_DATA  . . . . . . . . . . . . .	32 Bit	 000011C7 Para	  Public  'DATA'	
_TEXT  . . . . . . . . . . . . .	32 Bit	 0000016B Para	  Public  'CODE'	


Procedures, parameters, and locals:

                N a m e                 Type     Value    Attr

CloseFile  . . . . . . . . . . .	P Near	 00000000 FLAT	Length= 00000000 External STDCALL
CloseHandle  . . . . . . . . . .	P Near	 00000000 FLAT	Length= 00000000 External STDCALL
Clrscr . . . . . . . . . . . . .	P Near	 00000000 FLAT	Length= 00000000 External STDCALL
CreateFileA  . . . . . . . . . .	P Near	 00000000 FLAT	Length= 00000000 External STDCALL
CreateOutputFile . . . . . . . .	P Near	 00000000 FLAT	Length= 00000000 External STDCALL
Crlf . . . . . . . . . . . . . .	P Near	 00000000 FLAT	Length= 00000000 External STDCALL
Delay  . . . . . . . . . . . . .	P Near	 00000000 FLAT	Length= 00000000 External STDCALL
DumpMem  . . . . . . . . . . . .	P Near	 00000000 FLAT	Length= 00000000 External STDCALL
DumpRegs . . . . . . . . . . . .	P Near	 00000000 FLAT	Length= 00000000 External STDCALL
ExitProcess  . . . . . . . . . .	P Near	 00000000 FLAT	Length= 00000000 External STDCALL
FileTimeToDosDateTime  . . . . .	P Near	 00000000 FLAT	Length= 00000000 External STDCALL
FileTimeToSystemTime . . . . . .	P Near	 00000000 FLAT	Length= 00000000 External STDCALL
FlushConsoleInputBuffer  . . . .	P Near	 00000000 FLAT	Length= 00000000 External STDCALL
FormatMessageA . . . . . . . . .	P Near	 00000000 FLAT	Length= 00000000 External STDCALL
GetCommandLineA  . . . . . . . .	P Near	 00000000 FLAT	Length= 00000000 External STDCALL
GetCommandTail . . . . . . . . .	P Near	 00000000 FLAT	Length= 00000000 External STDCALL
GetConsoleCP . . . . . . . . . .	P Near	 00000000 FLAT	Length= 00000000 External STDCALL
GetConsoleCursorInfo . . . . . .	P Near	 00000000 FLAT	Length= 00000000 External STDCALL
GetConsoleMode . . . . . . . . .	P Near	 00000000 FLAT	Length= 00000000 External STDCALL
GetConsoleScreenBufferInfo . . .	P Near	 00000000 FLAT	Length= 00000000 External STDCALL
GetDateTime  . . . . . . . . . .	P Near	 00000000 FLAT	Length= 00000000 External STDCALL
GetFileTime  . . . . . . . . . .	P Near	 00000000 FLAT	Length= 00000000 External STDCALL
GetKeyState  . . . . . . . . . .	P Near	 00000000 FLAT	Length= 00000000 External STDCALL
GetLastError . . . . . . . . . .	P Near	 00000000 FLAT	Length= 00000000 External STDCALL
GetLocalTime . . . . . . . . . .	P Near	 00000000 FLAT	Length= 00000000 External STDCALL
GetMaxXY . . . . . . . . . . . .	P Near	 00000000 FLAT	Length= 00000000 External STDCALL
GetMseconds  . . . . . . . . . .	P Near	 00000000 FLAT	Length= 00000000 External STDCALL
GetNumberOfConsoleInputEvents  .	P Near	 00000000 FLAT	Length= 00000000 External STDCALL
GetProcessHeap . . . . . . . . .	P Near	 00000000 FLAT	Length= 00000000 External STDCALL
GetStdHandle . . . . . . . . . .	P Near	 00000000 FLAT	Length= 00000000 External STDCALL
GetSystemTime  . . . . . . . . .	P Near	 00000000 FLAT	Length= 00000000 External STDCALL
GetTextColor . . . . . . . . . .	P Near	 00000000 FLAT	Length= 00000000 External STDCALL
GetTickCount . . . . . . . . . .	P Near	 00000000 FLAT	Length= 00000000 External STDCALL
Gotoxy . . . . . . . . . . . . .	P Near	 00000000 FLAT	Length= 00000000 External STDCALL
HeapAlloc  . . . . . . . . . . .	P Near	 00000000 FLAT	Length= 00000000 External STDCALL
HeapCreate . . . . . . . . . . .	P Near	 00000000 FLAT	Length= 00000000 External STDCALL
HeapDestroy  . . . . . . . . . .	P Near	 00000000 FLAT	Length= 00000000 External STDCALL
HeapFree . . . . . . . . . . . .	P Near	 00000000 FLAT	Length= 00000000 External STDCALL
HeapSize . . . . . . . . . . . .	P Near	 00000000 FLAT	Length= 00000000 External STDCALL
IsDigit  . . . . . . . . . . . .	P Near	 00000000 FLAT	Length= 00000000 External STDCALL
LocalFree  . . . . . . . . . . .	P Near	 00000000 FLAT	Length= 00000000 External STDCALL
MessageBoxA  . . . . . . . . . .	P Near	 00000000 FLAT	Length= 00000000 External STDCALL
MsgBoxAsk  . . . . . . . . . . .	P Near	 00000000 FLAT	Length= 00000000 External STDCALL
MsgBox . . . . . . . . . . . . .	P Near	 00000000 FLAT	Length= 00000000 External STDCALL
OpenInputFile  . . . . . . . . .	P Near	 00000000 FLAT	Length= 00000000 External STDCALL
ParseDecimal32 . . . . . . . . .	P Near	 00000000 FLAT	Length= 00000000 External STDCALL
ParseInteger32 . . . . . . . . .	P Near	 00000000 FLAT	Length= 00000000 External STDCALL
ParseTempsFromString . . . . . .	P Near	 000000B0 _TEXT	Length= 00000081 Public STDCALL
  charBuffer . . . . . . . . . .	Byte	 bp - 00000008
  negativeFlag . . . . . . . . .	DWord	 bp - 0000000C
  _collectLoop . . . . . . . . .	L Near	 000000C2 _TEXT	
  _readChar  . . . . . . . . . .	L Near	 000000CB _TEXT	
  _endOfToken  . . . . . . . . .	L Near	 000000DF _TEXT	
  _calculateDigit  . . . . . . .	L Near	 000000FE _TEXT	
  _storeElement  . . . . . . . .	L Near	 00000123 _TEXT	
PeekConsoleInputA  . . . . . . .	P Near	 00000000 FLAT	Length= 00000000 External STDCALL
Random32 . . . . . . . . . . . .	P Near	 00000000 FLAT	Length= 00000000 External STDCALL
RandomRange  . . . . . . . . . .	P Near	 00000000 FLAT	Length= 00000000 External STDCALL
Randomize  . . . . . . . . . . .	P Near	 00000000 FLAT	Length= 00000000 External STDCALL
ReadChar . . . . . . . . . . . .	P Near	 00000000 FLAT	Length= 00000000 External STDCALL
ReadConsoleA . . . . . . . . . .	P Near	 00000000 FLAT	Length= 00000000 External STDCALL
ReadConsoleInputA  . . . . . . .	P Near	 00000000 FLAT	Length= 00000000 External STDCALL
ReadDec  . . . . . . . . . . . .	P Near	 00000000 FLAT	Length= 00000000 External STDCALL
ReadFile . . . . . . . . . . . .	P Near	 00000000 FLAT	Length= 00000000 External STDCALL
ReadFloat  . . . . . . . . . . .	P Near	 00000000 FLAT	Length= 00000000 External STDCALL
ReadFromFile . . . . . . . . . .	P Near	 00000000 FLAT	Length= 00000000 External STDCALL
ReadHex  . . . . . . . . . . . .	P Near	 00000000 FLAT	Length= 00000000 External STDCALL
ReadInt  . . . . . . . . . . . .	P Near	 00000000 FLAT	Length= 00000000 External STDCALL
ReadKeyFlush . . . . . . . . . .	P Near	 00000000 FLAT	Length= 00000000 External STDCALL
ReadKey  . . . . . . . . . . . .	P Near	 00000000 FLAT	Length= 00000000 External STDCALL
ReadString . . . . . . . . . . .	P Near	 00000000 FLAT	Length= 00000000 External STDCALL
SetConsoleCursorInfo . . . . . .	P Near	 00000000 FLAT	Length= 00000000 External STDCALL
SetConsoleCursorPosition . . . .	P Near	 00000000 FLAT	Length= 00000000 External STDCALL
SetConsoleMode . . . . . . . . .	P Near	 00000000 FLAT	Length= 00000000 External STDCALL
SetConsoleScreenBufferSize . . .	P Near	 00000000 FLAT	Length= 00000000 External STDCALL
SetConsoleTextAttribute  . . . .	P Near	 00000000 FLAT	Length= 00000000 External STDCALL
SetConsoleTitleA . . . . . . . .	P Near	 00000000 FLAT	Length= 00000000 External STDCALL
SetConsoleWindowInfo . . . . . .	P Near	 00000000 FLAT	Length= 00000000 External STDCALL
SetFilePointer . . . . . . . . .	P Near	 00000000 FLAT	Length= 00000000 External STDCALL
SetLocalTime . . . . . . . . . .	P Near	 00000000 FLAT	Length= 00000000 External STDCALL
SetTextColor . . . . . . . . . .	P Near	 00000000 FLAT	Length= 00000000 External STDCALL
ShowFPUStack . . . . . . . . . .	P Near	 00000000 FLAT	Length= 00000000 External STDCALL
Sleep  . . . . . . . . . . . . .	P Near	 00000000 FLAT	Length= 00000000 External STDCALL
StrLength  . . . . . . . . . . .	P Near	 00000000 FLAT	Length= 00000000 External STDCALL
Str_compare  . . . . . . . . . .	P Near	 00000000 FLAT	Length= 00000000 External STDCALL
Str_copy . . . . . . . . . . . .	P Near	 00000000 FLAT	Length= 00000000 External STDCALL
Str_length . . . . . . . . . . .	P Near	 00000000 FLAT	Length= 00000000 External STDCALL
Str_trim . . . . . . . . . . . .	P Near	 00000000 FLAT	Length= 00000000 External STDCALL
Str_ucase  . . . . . . . . . . .	P Near	 00000000 FLAT	Length= 00000000 External STDCALL
SystemTimeToFileTime . . . . . .	P Near	 00000000 FLAT	Length= 00000000 External STDCALL
WaitMsg  . . . . . . . . . . . .	P Near	 00000000 FLAT	Length= 00000000 External STDCALL
WriteBinB  . . . . . . . . . . .	P Near	 00000000 FLAT	Length= 00000000 External STDCALL
WriteBin . . . . . . . . . . . .	P Near	 00000000 FLAT	Length= 00000000 External STDCALL
WriteChar  . . . . . . . . . . .	P Near	 00000000 FLAT	Length= 00000000 External STDCALL
WriteConsoleA  . . . . . . . . .	P Near	 00000000 FLAT	Length= 00000000 External STDCALL
WriteConsoleOutputAttribute  . .	P Near	 00000000 FLAT	Length= 00000000 External STDCALL
WriteConsoleOutputCharacterA . .	P Near	 00000000 FLAT	Length= 00000000 External STDCALL
WriteDec . . . . . . . . . . . .	P Near	 00000000 FLAT	Length= 00000000 External STDCALL
WriteFile  . . . . . . . . . . .	P Near	 00000000 FLAT	Length= 00000000 External STDCALL
WriteFloat . . . . . . . . . . .	P Near	 00000000 FLAT	Length= 00000000 External STDCALL
WriteHexB  . . . . . . . . . . .	P Near	 00000000 FLAT	Length= 00000000 External STDCALL
WriteHex . . . . . . . . . . . .	P Near	 00000000 FLAT	Length= 00000000 External STDCALL
WriteInt . . . . . . . . . . . .	P Near	 00000000 FLAT	Length= 00000000 External STDCALL
WriteStackFrameName  . . . . . .	P Near	 00000000 FLAT	Length= 00000000 External STDCALL
WriteStackFrame  . . . . . . . .	P Near	 00000000 FLAT	Length= 00000000 External STDCALL
WriteString  . . . . . . . . . .	P Near	 00000000 FLAT	Length= 00000000 External STDCALL
WriteTempsReverse  . . . . . . .	P Near	 00000131 _TEXT	Length= 0000003A Public STDCALL
  _reverseLoop . . . . . . . . .	L Near	 0000014C _TEXT	
WriteToFile  . . . . . . . . . .	P Near	 00000000 FLAT	Length= 00000000 External STDCALL
WriteWindowsMsg  . . . . . . . .	P Near	 00000000 FLAT	Length= 00000000 External STDCALL
main . . . . . . . . . . . . . .	P Near	 00000000 _TEXT	Length= 000000B0 Public STDCALL
  _promptUser  . . . . . . . . .	L Near	 0000000C _TEXT	
  _fileValid . . . . . . . . . .	L Near	 00000055 _TEXT	
  _exit  . . . . . . . . . . . .	L Near	 000000A9 _TEXT	
printf . . . . . . . . . . . . .	P Near	 00000000 FLAT	Length= 00000000 External C
scanf  . . . . . . . . . . . . .	P Near	 00000000 FLAT	Length= 00000000 External C
wsprintfA  . . . . . . . . . . .	P Near	 00000000 FLAT	Length= 00000000 External C


Symbols:

                N a m e                 Type     Value    Attr

@CodeSize  . . . . . . . . . . .	Number	 00000000h   
@DataSize  . . . . . . . . . . .	Number	 00000000h   
@Interface . . . . . . . . . . .	Number	 00000003h   
@Model . . . . . . . . . . . . .	Number	 00000007h   
@code  . . . . . . . . . . . . .	Text   	 _TEXT
@data  . . . . . . . . . . . . .	Text   	 FLAT
@fardata?  . . . . . . . . . . .	Text   	 FLAT
@fardata . . . . . . . . . . . .	Text   	 FLAT
@stack . . . . . . . . . . . . .	Text   	 FLAT
ALT_MASK . . . . . . . . . . . .	Number	 00000003h   
BUFFER_SIZE  . . . . . . . . . .	Number	 00001000h   
CAPSLOCK_ON  . . . . . . . . . .	Number	 00000080h   
CREATE_ALWAYS  . . . . . . . . .	Number	 00000002h   
CREATE_NEW . . . . . . . . . . .	Number	 00000001h   
CTRL_MASK  . . . . . . . . . . .	Number	 0000000Ch   
CreateFile . . . . . . . . . . .	Text   	 CreateFileA
DELIMITER  . . . . . . . . . . .	Number	 0000002Ch   
DO_NOT_SHARE . . . . . . . . . .	Number	 00000000h   
ENABLE_ECHO_INPUT  . . . . . . .	Number	 00000004h   
ENABLE_LINE_INPUT  . . . . . . .	Number	 00000002h   
ENABLE_MOUSE_INPUT . . . . . . .	Number	 00000010h   
ENABLE_PROCESSED_INPUT . . . . .	Number	 00000001h   
ENABLE_PROCESSED_OUTPUT  . . . .	Number	 00000001h   
ENABLE_WINDOW_INPUT  . . . . . .	Number	 00000008h   
ENABLE_WRAP_AT_EOL_OUTPUT  . . .	Number	 00000002h   
ENHANCED_KEY . . . . . . . . . .	Number	 00000100h   
FALSE  . . . . . . . . . . . . .	Number	 00000000h   
FILE_APPEND_DATA . . . . . . . .	Number	 00000004h   
FILE_ATTRIBUTE_ARCHIVE . . . . .	Number	 00000020h   
FILE_ATTRIBUTE_COMPRESSED  . . .	Number	 00000800h   
FILE_ATTRIBUTE_DEVICE  . . . . .	Number	 00000040h   
FILE_ATTRIBUTE_DIRECTORY . . . .	Number	 00000010h   
FILE_ATTRIBUTE_ENCRYPTED . . . .	Number	 00004000h   
FILE_ATTRIBUTE_HIDDEN  . . . . .	Number	 00000002h   
FILE_ATTRIBUTE_NORMAL  . . . . .	Number	 00000080h   
FILE_ATTRIBUTE_NOT_CONTENT_INDEXED .	Number	 00002000h   
FILE_ATTRIBUTE_OFFLINE . . . . .	Number	 00001000h   
FILE_ATTRIBUTE_READONLY  . . . .	Number	 00000001h   
FILE_ATTRIBUTE_REPARSE_POINT . .	Number	 00000400h   
FILE_ATTRIBUTE_SPARSE_FILE . . .	Number	 00000200h   
FILE_ATTRIBUTE_SYSTEM  . . . . .	Number	 00000004h   
FILE_ATTRIBUTE_TEMPORARY . . . .	Number	 00000100h   
FILE_BEGIN . . . . . . . . . . .	Number	 00000000h   
FILE_CURRENT . . . . . . . . . .	Number	 00000001h   
FILE_DELETE_CHILD  . . . . . . .	Number	 00000040h   
FILE_END . . . . . . . . . . . .	Number	 00000002h   
FILE_READ_DATA . . . . . . . . .	Number	 00000001h   
FILE_SHARE_DELETE  . . . . . . .	Number	 00000004h   
FILE_SHARE_READ  . . . . . . . .	Number	 00000001h   
FILE_SHARE_WRITE . . . . . . . .	Number	 00000002h   
FILE_WRITE_DATA  . . . . . . . .	Number	 00000002h   
FOCUS_EVENT  . . . . . . . . . .	Number	 00000010h   
FORMAT_MESSAGE_ALLOCATE_BUFFER .	Number	 00000100h   
FORMAT_MESSAGE_FROM_SYSTEM . . .	Number	 00001000h   
FormatMessage  . . . . . . . . .	Text   	 FormatMessageA
GENERIC_ALL  . . . . . . . . . .	Number	 10000000h   
GENERIC_EXECUTE  . . . . . . . .	Number	 20000000h   
GENERIC_READ . . . . . . . . . .	Number	 -80000000h   
GENERIC_WRITE  . . . . . . . . .	Number	 40000000h   
GetCommandLine . . . . . . . . .	Text   	 GetCommandLineA
HANDLE . . . . . . . . . . . . .	Text   	 DWORD
HEAP_GENERATE_EXCEPTIONS . . . .	Number	 00000004h   
HEAP_GROWABLE  . . . . . . . . .	Number	 00000002h   
HEAP_NO_SERIALIZE  . . . . . . .	Number	 00000001h   
HEAP_REALLOC_IN_PLACE_ONLY . . .	Number	 00000010h   
HEAP_ZERO_MEMORY . . . . . . . .	Number	 00000008h   
IDABORT  . . . . . . . . . . . .	Number	 00000003h   
IDCANCEL . . . . . . . . . . . .	Number	 00000002h   
IDCLOSE  . . . . . . . . . . . .	Number	 00000008h   
IDCONTINUE . . . . . . . . . . .	Number	 0000000Bh   
IDHELP . . . . . . . . . . . . .	Number	 00000009h   
IDIGNORE . . . . . . . . . . . .	Number	 00000005h   
IDNO . . . . . . . . . . . . . .	Number	 00000007h   
IDOK . . . . . . . . . . . . . .	Number	 00000001h   
IDRETRY  . . . . . . . . . . . .	Number	 00000004h   
IDTIMEOUT  . . . . . . . . . . .	Number	 00007D00h   
IDTRYAGAIN . . . . . . . . . . .	Number	 0000000Ah   
IDYES  . . . . . . . . . . . . .	Number	 00000006h   
INVALID_HANDLE_VALUE . . . . . .	Number	 -00000001h   
KBDOWN_FLAG  . . . . . . . . . .	Number	 00000001h   
KEY_EVENT  . . . . . . . . . . .	Number	 00000001h   
KEY_MASKS  . . . . . . . . . . .	Number	 0000001Fh   
LEFT_ALT_PRESSED . . . . . . . .	Number	 00000002h   
LEFT_CTRL_PRESSED  . . . . . . .	Number	 00000008h   
MAX_CHARS  . . . . . . . . . . .	Number	 00000020h   
MB_ABORTRETRYIGNORE  . . . . . .	Number	 00000002h   
MB_APPLMODAL . . . . . . . . . .	Number	 00000000h   
MB_CANCELTRYCONTINUE . . . . . .	Number	 00000006h   
MB_DEFBUTTON1  . . . . . . . . .	Number	 00000000h   
MB_DEFBUTTON2  . . . . . . . . .	Number	 00000100h   
MB_DEFBUTTON3  . . . . . . . . .	Number	 00000200h   
MB_DEFBUTTON4  . . . . . . . . .	Number	 00000300h   
MB_HELP  . . . . . . . . . . . .	Number	 00004000h   
MB_ICONASTERISK  . . . . . . . .	Number	 00000040h   
MB_ICONERROR . . . . . . . . . .	Number	 00000010h   
MB_ICONEXCLAMATION . . . . . . .	Number	 00000030h   
MB_ICONHAND  . . . . . . . . . .	Number	 00000010h   
MB_ICONINFORMATION . . . . . . .	Number	 00000040h   
MB_ICONQUESTION  . . . . . . . .	Number	 00000020h   
MB_ICONSTOP  . . . . . . . . . .	Number	 00000010h   
MB_ICONWARNING . . . . . . . . .	Number	 00000030h   
MB_OKCANCEL  . . . . . . . . . .	Number	 00000001h   
MB_OK  . . . . . . . . . . . . .	Number	 00000000h   
MB_RETRYCANCEL . . . . . . . . .	Number	 00000005h   
MB_SYSTEMMODAL . . . . . . . . .	Number	 00001000h   
MB_TASKMODAL . . . . . . . . . .	Number	 00002000h   
MB_USERICON  . . . . . . . . . .	Number	 00000080h   
MB_YESNOCANCEL . . . . . . . . .	Number	 00000003h   
MB_YESNO . . . . . . . . . . . .	Number	 00000004h   
MENU_EVENT . . . . . . . . . . .	Number	 00000008h   
MOUSE_EVENT  . . . . . . . . . .	Number	 00000002h   
MessageBox . . . . . . . . . . .	Text   	 MessageBoxA
NULL . . . . . . . . . . . . . .	Number	 00000000h   
NUMLOCK_ON . . . . . . . . . . .	Number	 00000020h   
OPEN_ALWAYS  . . . . . . . . . .	Number	 00000004h   
OPEN_EXISTING  . . . . . . . . .	Number	 00000003h   
PeekConsoleInput . . . . . . . .	Text   	 PeekConsoleInputA
RIGHT_ALT_PRESSED  . . . . . . .	Number	 00000001h   
RIGHT_CTRL_PRESSED . . . . . . .	Number	 00000004h   
ReadConsoleInput . . . . . . . .	Text   	 ReadConsoleInputA
ReadConsole  . . . . . . . . . .	Text   	 ReadConsoleA
SCROLLLOCK_ON  . . . . . . . . .	Number	 00000040h   
SHIFT_MASK . . . . . . . . . . .	Number	 00000010h   
SHIFT_PRESSED  . . . . . . . . .	Number	 00000010h   
STD_ERROR_HANDLE . . . . . . . .	Number	 -0000000Ch   
STD_INPUT_HANDLE . . . . . . . .	Number	 -0000000Ah   
STD_OUTPUT_HANDLE  . . . . . . .	Number	 -0000000Bh   
SetConsoleTitle  . . . . . . . .	Text   	 SetConsoleTitleA
TAB  . . . . . . . . . . . . . .	Number	 00000009h   
TEMPS_PER_DAY  . . . . . . . . .	Number	 00000018h   
TRUE . . . . . . . . . . . . . .	Number	 00000001h   
TRUNCATE_EXISTING  . . . . . . .	Number	 00000005h   
VK_11  . . . . . . . . . . . . .	Number	 000000BDh   
VK_12  . . . . . . . . . . . . .	Number	 000000BBh   
VK_ADD . . . . . . . . . . . . .	Number	 0000006Bh   
VK_BACK  . . . . . . . . . . . .	Number	 00000008h   
VK_CANCEL  . . . . . . . . . . .	Number	 00000003h   
VK_CAPITAL . . . . . . . . . . .	Number	 00000014h   
VK_CLEAR . . . . . . . . . . . .	Number	 0000000Ch   
VK_CONTROL . . . . . . . . . . .	Number	 00000011h   
VK_DECIMAL . . . . . . . . . . .	Number	 0000006Eh   
VK_DELETE  . . . . . . . . . . .	Number	 0000002Eh   
VK_DIVIDE  . . . . . . . . . . .	Number	 0000006Fh   
VK_DOWN  . . . . . . . . . . . .	Number	 00000028h   
VK_END . . . . . . . . . . . . .	Number	 00000023h   
VK_ESCAPE  . . . . . . . . . . .	Number	 0000001Bh   
VK_EXECUTE . . . . . . . . . . .	Number	 0000002Bh   
VK_F10 . . . . . . . . . . . . .	Number	 00000079h   
VK_F11 . . . . . . . . . . . . .	Number	 0000007Ah   
VK_F12 . . . . . . . . . . . . .	Number	 0000007Bh   
VK_F13 . . . . . . . . . . . . .	Number	 0000007Ch   
VK_F14 . . . . . . . . . . . . .	Number	 0000007Dh   
VK_F15 . . . . . . . . . . . . .	Number	 0000007Eh   
VK_F16 . . . . . . . . . . . . .	Number	 0000007Fh   
VK_F17 . . . . . . . . . . . . .	Number	 00000080h   
VK_F18 . . . . . . . . . . . . .	Number	 00000081h   
VK_F19 . . . . . . . . . . . . .	Number	 00000082h   
VK_F1  . . . . . . . . . . . . .	Number	 00000070h   
VK_F20 . . . . . . . . . . . . .	Number	 00000083h   
VK_F21 . . . . . . . . . . . . .	Number	 00000084h   
VK_F22 . . . . . . . . . . . . .	Number	 00000085h   
VK_F23 . . . . . . . . . . . . .	Number	 00000086h   
VK_F24 . . . . . . . . . . . . .	Number	 00000087h   
VK_F2  . . . . . . . . . . . . .	Number	 00000071h   
VK_F3  . . . . . . . . . . . . .	Number	 00000072h   
VK_F4  . . . . . . . . . . . . .	Number	 00000073h   
VK_F5  . . . . . . . . . . . . .	Number	 00000074h   
VK_F6  . . . . . . . . . . . . .	Number	 00000075h   
VK_F7  . . . . . . . . . . . . .	Number	 00000076h   
VK_F8  . . . . . . . . . . . . .	Number	 00000077h   
VK_F9  . . . . . . . . . . . . .	Number	 00000078h   
VK_HELP  . . . . . . . . . . . .	Number	 0000002Fh   
VK_HOME  . . . . . . . . . . . .	Number	 00000024h   
VK_INSERT  . . . . . . . . . . .	Number	 0000002Dh   
VK_LBUTTON . . . . . . . . . . .	Number	 00000001h   
VK_LCONTROL  . . . . . . . . . .	Number	 000000A2h   
VK_LEFT  . . . . . . . . . . . .	Number	 00000025h   
VK_LMENU . . . . . . . . . . . .	Number	 000000A4h   
VK_LSHIFT  . . . . . . . . . . .	Number	 000000A0h   
VK_MENU  . . . . . . . . . . . .	Number	 00000012h   
VK_MULTIPLY  . . . . . . . . . .	Number	 0000006Ah   
VK_NEXT  . . . . . . . . . . . .	Number	 00000022h   
VK_NUMLOCK . . . . . . . . . . .	Number	 00000090h   
VK_NUMPAD0 . . . . . . . . . . .	Number	 00000060h   
VK_NUMPAD1 . . . . . . . . . . .	Number	 00000061h   
VK_NUMPAD2 . . . . . . . . . . .	Number	 00000062h   
VK_NUMPAD3 . . . . . . . . . . .	Number	 00000063h   
VK_NUMPAD4 . . . . . . . . . . .	Number	 00000064h   
VK_NUMPAD5 . . . . . . . . . . .	Number	 00000065h   
VK_NUMPAD6 . . . . . . . . . . .	Number	 00000066h   
VK_NUMPAD7 . . . . . . . . . . .	Number	 00000067h   
VK_NUMPAD8 . . . . . . . . . . .	Number	 00000068h   
VK_NUMPAD9 . . . . . . . . . . .	Number	 00000069h   
VK_PAUSE . . . . . . . . . . . .	Number	 00000013h   
VK_PRINT . . . . . . . . . . . .	Number	 0000002Ah   
VK_PRIOR . . . . . . . . . . . .	Number	 00000021h   
VK_RBUTTON . . . . . . . . . . .	Number	 00000002h   
VK_RCONTROL  . . . . . . . . . .	Number	 000000A3h   
VK_RETURN  . . . . . . . . . . .	Number	 0000000Dh   
VK_RIGHT . . . . . . . . . . . .	Number	 00000027h   
VK_RMENU . . . . . . . . . . . .	Number	 000000A5h   
VK_RSHIFT  . . . . . . . . . . .	Number	 000000A1h   
VK_SCROLL  . . . . . . . . . . .	Number	 00000091h   
VK_SEPARATER . . . . . . . . . .	Number	 0000006Ch   
VK_SHIFT . . . . . . . . . . . .	Number	 00000010h   
VK_SNAPSHOT  . . . . . . . . . .	Number	 0000002Ch   
VK_SPACE . . . . . . . . . . . .	Number	 00000020h   
VK_SUBTRACT  . . . . . . . . . .	Number	 0000006Dh   
VK_TAB . . . . . . . . . . . . .	Number	 00000009h   
VK_UP  . . . . . . . . . . . . .	Number	 00000026h   
WINDOW_BUFFER_SIZE_EVENT . . . .	Number	 00000004h   
WriteConsoleOutputCharacter  . .	Text   	 WriteConsoleOutputCharacterA
WriteConsole . . . . . . . . . .	Text   	 WriteConsoleA
black  . . . . . . . . . . . . .	Number	 00000000h   
blue . . . . . . . . . . . . . .	Number	 00000001h   
brown  . . . . . . . . . . . . .	Number	 00000006h   
bytesRead  . . . . . . . . . . .	DWord	 0000015F _DATA	
correctTempMsg . . . . . . . . .	Byte	 00000119 _DATA	
cyan . . . . . . . . . . . . . .	Number	 00000003h   
exit . . . . . . . . . . . . . .	Text   	 INVOKE ExitProcess,0
farewellMsg  . . . . . . . . . .	Byte	 00000136 _DATA	
fileBuffer . . . . . . . . . . .	Byte	 00000163 _DATA	
fileErrorMsg . . . . . . . . . .	Byte	 00000102 _DATA	
fileHandle . . . . . . . . . . .	DWord	 000011C3 _DATA	
fileNamePrompt . . . . . . . . .	Byte	 000000DA _DATA	
fileName . . . . . . . . . . . .	Byte	 0000013F _DATA	
gray . . . . . . . . . . . . . .	Number	 00000008h   
green  . . . . . . . . . . . . .	Number	 00000002h   
introPrompt  . . . . . . . . . .	Byte	 00000000 _DATA	
lightBlue  . . . . . . . . . . .	Number	 00000009h   
lightCyan  . . . . . . . . . . .	Number	 0000000Bh   
lightGray  . . . . . . . . . . .	Number	 00000007h   
lightGreen . . . . . . . . . . .	Number	 0000000Ah   
lightMagenta . . . . . . . . . .	Number	 0000000Dh   
lightRed . . . . . . . . . . . .	Number	 0000000Ch   
magenta  . . . . . . . . . . . .	Number	 00000005h   
red  . . . . . . . . . . . . . .	Number	 00000004h   
tempArray  . . . . . . . . . . .	DWord	 00001163 _DATA	
white  . . . . . . . . . . . . .	Number	 0000000Fh   
wsprintf . . . . . . . . . . . .	Text   	 wsprintfA
yellow . . . . . . . . . . . . .	Number	 0000000Eh   

	   1 Warnings
	   0 Errors
